Component: Arm Compiler for Embedded 6.22 Tool: armlink [5ee90200]

==============================================================================

Section Cross References

    startup_mspm0g350x_uvision.o(STACK) refers (Special) to heapauxi.o(.text) for __use_two_region_memory
    startup_mspm0g350x_uvision.o(HEAP) refers (Special) to heapauxi.o(.text) for __use_two_region_memory
    startup_mspm0g350x_uvision.o(RESET) refers (Special) to heapauxi.o(.text) for __use_two_region_memory
    startup_mspm0g350x_uvision.o(RESET) refers to startup_mspm0g350x_uvision.o(STACK) for __initial_sp
    startup_mspm0g350x_uvision.o(RESET) refers to startup_mspm0g350x_uvision.o(.text) for Reset_Handler
    startup_mspm0g350x_uvision.o(RESET) refers to delay.o(.text.SysTick_Handler) for SysTick_Handler
    startup_mspm0g350x_uvision.o(RESET) refers to encoder.o(.text.GROUP1_IRQHandler) for GROUP1_IRQHandler
    startup_mspm0g350x_uvision.o(RESET) refers to encoder.o(.text.TIMA0_IRQHandler) for TIMA0_IRQHandler
    startup_mspm0g350x_uvision.o(.text) refers (Special) to heapauxi.o(.text) for __use_two_region_memory
    startup_mspm0g350x_uvision.o(.text) refers to __main.o(!!!main) for __main
    startup_mspm0g350x_uvision.o(.text) refers to startup_mspm0g350x_uvision.o(HEAP) for Heap_Mem
    startup_mspm0g350x_uvision.o(.text) refers to startup_mspm0g350x_uvision.o(STACK) for Stack_Mem
    ti_msp_dl_config.o(.text.SYSCFG_DL_init) refers to ti_msp_dl_config.o(.text.SYSCFG_DL_initPower) for SYSCFG_DL_initPower
    ti_msp_dl_config.o(.text.SYSCFG_DL_init) refers to ti_msp_dl_config.o(.text.SYSCFG_DL_GPIO_init) for SYSCFG_DL_GPIO_init
    ti_msp_dl_config.o(.text.SYSCFG_DL_init) refers to ti_msp_dl_config.o(.text.SYSCFG_DL_SYSCTL_init) for SYSCFG_DL_SYSCTL_init
    ti_msp_dl_config.o(.text.SYSCFG_DL_init) refers to ti_msp_dl_config.o(.text.SYSCFG_DL_PWM_0_init) for SYSCFG_DL_PWM_0_init
    ti_msp_dl_config.o(.text.SYSCFG_DL_init) refers to ti_msp_dl_config.o(.text.SYSCFG_DL_CAPTURE_0_init) for SYSCFG_DL_CAPTURE_0_init
    ti_msp_dl_config.o(.text.SYSCFG_DL_init) refers to ti_msp_dl_config.o(.text.SYSCFG_DL_TIMER_0_init) for SYSCFG_DL_TIMER_0_init
    ti_msp_dl_config.o(.text.SYSCFG_DL_init) refers to ti_msp_dl_config.o(.text.SYSCFG_DL_TIMER_US_init) for SYSCFG_DL_TIMER_US_init
    ti_msp_dl_config.o(.text.SYSCFG_DL_init) refers to ti_msp_dl_config.o(.text.SYSCFG_DL_UART_0_init) for SYSCFG_DL_UART_0_init
    ti_msp_dl_config.o(.text.SYSCFG_DL_init) refers to ti_msp_dl_config.o(.bss.gTIMER_0Backup) for gTIMER_0Backup
    ti_msp_dl_config.o(.text.SYSCFG_DL_init) refers to ti_msp_dl_config.o(.bss.gCAPTURE_0Backup) for gCAPTURE_0Backup
    ti_msp_dl_config.o(.ARM.exidx.text.SYSCFG_DL_init) refers to ti_msp_dl_config.o(.text.SYSCFG_DL_init) for [Anonymous Symbol]
    ti_msp_dl_config.o(.text.SYSCFG_DL_initPower) refers to dl_common.o(.text.DL_Common_delayCycles) for DL_Common_delayCycles
    ti_msp_dl_config.o(.ARM.exidx.text.SYSCFG_DL_initPower) refers to ti_msp_dl_config.o(.text.SYSCFG_DL_initPower) for [Anonymous Symbol]
    ti_msp_dl_config.o(.ARM.exidx.text.SYSCFG_DL_GPIO_init) refers to ti_msp_dl_config.o(.text.SYSCFG_DL_GPIO_init) for [Anonymous Symbol]
    ti_msp_dl_config.o(.text.SYSCFG_DL_SYSCTL_init) refers to dl_sysctl_mspm0g1x0x_g3x0x.o(.text.DL_SYSCTL_configSYSPLL) for DL_SYSCTL_configSYSPLL
    ti_msp_dl_config.o(.text.SYSCFG_DL_SYSCTL_init) refers to dl_sysctl_mspm0g1x0x_g3x0x.o(.text.DL_SYSCTL_switchMCLKfromSYSOSCtoHSCLK) for DL_SYSCTL_switchMCLKfromSYSOSCtoHSCLK
    ti_msp_dl_config.o(.text.SYSCFG_DL_SYSCTL_init) refers to ti_msp_dl_config.o(.rodata.gSYSPLLConfig) for [Anonymous Symbol]
    ti_msp_dl_config.o(.ARM.exidx.text.SYSCFG_DL_SYSCTL_init) refers to ti_msp_dl_config.o(.text.SYSCFG_DL_SYSCTL_init) for [Anonymous Symbol]
    ti_msp_dl_config.o(.text.SYSCFG_DL_PWM_0_init) refers to dl_timer.o(.text.DL_Timer_setClockConfig) for DL_Timer_setClockConfig
    ti_msp_dl_config.o(.text.SYSCFG_DL_PWM_0_init) refers to dl_timer.o(.text.DL_Timer_initFourCCPWMMode) for DL_Timer_initFourCCPWMMode
    ti_msp_dl_config.o(.text.SYSCFG_DL_PWM_0_init) refers to dl_timer.o(.text.DL_Timer_setCaptureCompareOutCtl) for DL_Timer_setCaptureCompareOutCtl
    ti_msp_dl_config.o(.text.SYSCFG_DL_PWM_0_init) refers to dl_timer.o(.text.DL_Timer_setCaptCompUpdateMethod) for DL_Timer_setCaptCompUpdateMethod
    ti_msp_dl_config.o(.text.SYSCFG_DL_PWM_0_init) refers to dl_timer.o(.text.DL_Timer_setCaptureCompareValue) for DL_Timer_setCaptureCompareValue
    ti_msp_dl_config.o(.text.SYSCFG_DL_PWM_0_init) refers to ti_msp_dl_config.o(.rodata.gPWM_0ClockConfig) for [Anonymous Symbol]
    ti_msp_dl_config.o(.text.SYSCFG_DL_PWM_0_init) refers to ti_msp_dl_config.o(.rodata.gPWM_0Config) for [Anonymous Symbol]
    ti_msp_dl_config.o(.ARM.exidx.text.SYSCFG_DL_PWM_0_init) refers to ti_msp_dl_config.o(.text.SYSCFG_DL_PWM_0_init) for [Anonymous Symbol]
[...]
    ../clib/printf.c                         0x00000000   Number         0  _printf_fp_dec.o ABSOLUTE
    ../clib/printf.c                         0x00000000   Number         0  _printf_fp_dec_accurate.o ABSOLUTE
    ../clib/printf.c                         0x00000000   Number         0  _printf_fp_hex.o ABSOLUTE
    ../clib/printf.c                         0x00000000   Number         0  __printf_nopercent.o ABSOLUTE
    ../clib/printf.c                         0x00000000   Number         0  _printf_char.o ABSOLUTE
    ../clib/printf.c                         0x00000000   Number         0  _printf_wchar.o ABSOLUTE
    ../clib/printf.c                         0x00000000   Number         0  _printf_fp_infnan.o ABSOLUTE
    ../clib/printf_percent.s                 0x00000000   Number         0  _printf_c.o ABSOLUTE
    ../clib/printf_percent.s                 0x00000000   Number         0  _printf_s.o ABSOLUTE
    ../clib/printf_percent.s                 0x00000000   Number         0  _printf_n.o ABSOLUTE
    ../clib/printf_percent.s                 0x00000000   Number         0  _printf_x.o ABSOLUTE
    ../clib/printf_percent.s                 0x00000000   Number         0  _printf_p.o ABSOLUTE
    ../clib/printf_percent.s                 0x00000000   Number         0  _printf_o.o ABSOLUTE
    ../clib/printf_percent.s                 0x00000000   Number         0  _printf_i.o ABSOLUTE
    ../clib/printf_percent.s                 0x00000000   Number         0  _printf_d.o ABSOLUTE
    ../clib/printf_percent.s                 0x00000000   Number         0  _printf_u.o ABSOLUTE
    ../clib/printf_percent.s                 0x00000000   Number         0  _printf_f.o ABSOLUTE
    ../clib/printf_percent.s                 0x00000000   Number         0  _printf_e.o ABSOLUTE
    ../clib/printf_percent.s                 0x00000000   Number         0  _printf_g.o ABSOLUTE
    ../clib/printf_percent.s                 0x00000000   Number         0  _printf_a.o ABSOLUTE
    ../clib/printf_percent.s                 0x00000000   Number         0  _printf_percent.o ABSOLUTE
    ../clib/printf_percent.s                 0x00000000   Number         0  _printf_lli.o ABSOLUTE
    ../clib/printf_percent.s                 0x00000000   Number         0  _printf_lld.o ABSOLUTE
    ../clib/printf_percent.s                 0x00000000   Number         0  _printf_llu.o ABSOLUTE
    ../clib/printf_percent.s                 0x00000000   Number         0  _printf_ll.o ABSOLUTE
    ../clib/printf_percent.s                 0x00000000   Number         0  _printf_l.o ABSOLUTE
    ../clib/printf_percent.s                 0x00000000   Number         0  _printf_lc.o ABSOLUTE
    ../clib/printf_percent.s                 0x00000000   Number         0  _printf_ls.o ABSOLUTE
    ../clib/printf_percent.s                 0x00000000   Number         0  _printf_llo.o ABSOLUTE
    ../clib/printf_percent.s                 0x00000000   Number         0  _printf_llx.o ABSOLUTE
    ../clib/printf_percent.s                 0x00000000   Number         0  _printf_percent_end.o ABSOLUTE
    ../clib/signal.c                         0x00000000   Number         0  defsig_fpe_outer.o ABSOLUTE
    ../clib/signal.c                         0x00000000   Number         0  defsig_fpe_formal.o ABSOLUTE
    ../clib/signal.c                         0x00000000   Number         0  defsig_exit.o ABSOLUTE
    ../clib/signal.c                         0x00000000   Number         0  defsig_fpe_inner.o ABSOLUTE
    ../clib/signal.c                         0x00000000   Number         0  __raise.o ABSOLUTE
    ../clib/signal.c                         0x00000000   Number         0  defsig_general.o ABSOLUTE
    ../clib/signal.c                         0x00000000   Number         0  defsig_abrt_inner.o ABSOLUTE
    ../clib/signal.c                         0x00000000   Number         0  defsig_rtred_inner.o ABSOLUTE
    ../clib/signal.c                         0x00000000   Number         0  defsig_rtmem_inner.o ABSOLUTE
    ../clib/signal.c                         0x00000000   Number         0  defsig_rtmem_outer.o ABSOLUTE
    ../clib/signal.c                         0x00000000   Number         0  defsig_rtmem_formal.o ABSOLUTE
    ../clib/signal.c                         0x00000000   Number         0  defsig_stak_inner.o ABSOLUTE
    ../clib/signal.c                         0x00000000   Number         0  defsig_pvfn_inner.o ABSOLUTE
    ../clib/signal.c                         0x00000000   Number         0  defsig_cppl_inner.o ABSOLUTE
    ../clib/signal.c                         0x00000000   Number         0  defsig_segv_inner.o ABSOLUTE
    ../clib/signal.c                         0x00000000   Number         0  defsig_other.o ABSOLUTE
    ../clib/signal.s                         0x00000000   Number         0  defsig.o ABSOLUTE
    ../clib/stdlib.c                         0x00000000   Number         0  exit.o ABSOLUTE
    ../fplib/cfplib/cmp.c                    0x00000000   Number         0  dcmp.o ABSOLUTE
    ../fplib/cfplib/cmp.c                    0x00000000   Number         0  fcmp.o ABSOLUTE
    ../fplib/cfplib/cmpret.c                 0x00000000   Number         0  cmpret.o ABSOLUTE
    ../fplib/cfplib/d2f.c                    0x00000000   Number         0  d2f.o ABSOLUTE
    ../fplib/cfplib/daddsub.c                0x00000000   Number         0  daddsub.o ABSOLUTE
    ../fplib/cfplib/dcmpin.c                 0x00000000   Number         0  dcmpin.o ABSOLUTE
    ../fplib/cfplib/ddiv.c                   0x00000000   Number         0  ddiv.o ABSOLUTE
    ../fplib/cfplib/dmul.c                   0x00000000   Number         0  dmul.o ABSOLUTE
    ../fplib/cfplib/fcmpin.c                 0x00000000   Number         0  fcmpin.o ABSOLUTE
    ../fplib/cfplib/fdiv.c                   0x00000000   Number         0  fdiv.o ABSOLUTE
    ../fplib/cfplib/ffix.c                   0x00000000   Number         0  dfixi.o ABSOLUTE
    ../fplib/cfplib/ffix.c                   0x00000000   Number         0  dfixui.o ABSOLUTE
    ../fplib/cfplib/ffix.c                   0x00000000   Number         0  ffixi.o ABSOLUTE
    ../fplib/cfplib/fflt.c                   0x00000000   Number         0  dflti.o ABSOLUTE
    ../fplib/cfplib/fflt.c                   0x00000000   Number         0  fflti.o ABSOLUTE
    ../fplib/cfplib/fpinit.c                 0x00000000   Number         0  fpinit.o ABSOLUTE
    ../fplib/cfplib/ieee_status.c            0x00000000   Number         0  ieee_status.o ABSOLUTE
    ../fplib/cfplib/nan2.c                   0x00000000   Number         0  dnan2.o ABSOLUTE
    ../fplib/cfplib/nan2.c                   0x00000000   Number         0  fnan2.o ABSOLUTE
    ../fplib/cfplib/retnan.c                 0x00000000   Number         0  retnan.o ABSOLUTE
    ../fplib/cfplib/scalbn.c                 0x00000000   Number         0  dscalbn.o ABSOLUTE
    ../fplib/deqf6m.s                        0x00000000   Number         0  deqf.o ABSOLUTE
    ../fplib/dgeqf6m.s                       0x00000000   Number         0  dgef.o ABSOLUTE
    ../fplib/dleqf6m.s                       0x00000000   Number         0  dlef.o ABSOLUTE
    ../fplib/faddsub6m.s                     0x00000000   Number         0  faddsub.o ABSOLUTE
    ../fplib/feqf6m.s                        0x00000000   Number         0  feqf.o ABSOLUTE
    ../fplib/fgeqf6m.s                       0x00000000   Number         0  fgef.o ABSOLUTE
    ../fplib/fleqf6m.s                       0x00000000   Number         0  flef.o ABSOLUTE
    ../fplib/fmul6m.s                        0x00000000   Number         0  fmul.o ABSOLUTE
    ../fplib/printf1.s                       0x00000000   Number         0  printf1.o ABSOLUTE
    ../fplib/printf2.s                       0x00000000   Number         0  printf2.o ABSOLUTE
    ../fplib/printf2a.s                      0x00000000   Number         0  printf2a.o ABSOLUTE
    ../fplib/printf2b.s                      0x00000000   Number         0  printf2b.o ABSOLUTE
    ../fplib/usenofp.s                       0x00000000   Number         0  usenofp.o ABSOLUTE
    ../mathlib/atan.c                        0x00000000   Number         0  atan.o ABSOLUTE
    ../mathlib/atan2.c                       0x00000000   Number         0  atan2.o ABSOLUTE
    ../mathlib/dunder.c                      0x00000000   Number         0  dunder.o ABSOLUTE
    ../mathlib/fpclassify.c                  0x00000000   Number         0  fpclassify.o ABSOLUTE
    ../mathlib/poly.c                        0x00000000   Number         0  poly.o ABSOLUTE
    ../mathlib/qnan.c                        0x00000000   Number         0  qnan.o ABSOLUTE
    Delay.c                                  0x00000000   Number         0  delay.o ABSOLUTE
    Encoder.c                                0x00000000   Number         0  encoder.o ABSOLUTE
    Key.c                                    0x00000000   Number         0  key.o ABSOLUTE
    MPU6050_MSPM0.c                          0x00000000   Number         0  mpu6050_mspm0.o ABSOLUTE
    Motor.c                                  0x00000000   Number         0  motor.o ABSOLUTE
    OLED.c                                   0x00000000   Number         0  oled.o ABSOLUTE
    OLED_Data.c                              0x00000000   Number         0  oled_data.o ABSOLUTE
    PID.c                                    0x00000000   Number         0  pid.o ABSOLUTE
    Sensor.c                                 0x00000000   Number         0  sensor.o ABSOLUTE
    Uart.c                                   0x00000000   Number         0  uart.o ABSOLUTE
    Ultrasonic.c                             0x00000000   Number         0  ultrasonic.o ABSOLUTE
    dc.s                                     0x00000000   Number         0  dc.o ABSOLUTE
    dl_common.c                              0x00000000   Number         0  dl_common.o ABSOLUTE
    dl_sysctl_mspm0g1x0x_g3x0x.c             0x00000000   Number         0  dl_sysctl_mspm0g1x0x_g3x0x.o ABSOLUTE
    dl_timer.c                               0x00000000   Number         0  dl_timer.o ABSOLUTE
    dl_uart.c                                0x00000000   Number         0  dl_uart.o ABSOLUTE
    empty.c                                  0x00000000   Number         0  empty.o ABSOLUTE
    startup_mspm0g350x_uvision.s             0x00000000   Number         0  startup_mspm0g350x_uvision.o ABSOLUTE
    task.c                                   0x00000000   Number         0  task.o ABSOLUTE
    ti_msp_dl_config.c                       0x00000000   Number         0  ti_msp_dl_config.o ABSOLUTE
    RESET                                    0x00000000   Section      192  startup_mspm0g350x_uvision.o(RESET)
    !!!main                                  0x000000c0   Section        8  __main.o(!!!main)
    !!!scatter                               0x000000c8   Section       84  __scatter.o(!!!scatter)
    !!handler_null                           0x00000120   Section        2  __scatter.o(!!handler_null)
    !!handler_zi                             0x00000128   Section       28  __scatter_zi.o(!!handler_zi)
    .ARM.Collect$$libinit$$00000000          0x00000144   Section        2  libinit.o(.ARM.Collect$$libinit$$00000000)
    .ARM.Collect$$libinit$$00000002          0x00000146   Section        0  libinit2.o(.ARM.Collect$$libinit$$00000002)
    .ARM.Collect$$libinit$$00000004          0x00000146   Section        0  libinit2.o(.ARM.Collect$$libinit$$00000004)
    .ARM.Collect$$libinit$$00000006          0x00000146   Section        0  libinit2.o(.ARM.Collect$$libinit$$00000006)
    .ARM.Collect$$libinit$$0000000C          0x00000146   Section        0  libinit2.o(.ARM.Collect$$libinit$$0000000C)
    .ARM.Collect$$libinit$$0000000E          0x00000146   Section        0  libinit2.o(.ARM.Collect$$libinit$$0000000E)
    .ARM.Collect$$libinit$$00000010          0x00000146   Section        0  libinit2.o(.ARM.Collect$$libinit$$00000010)
    .ARM.Collect$$libinit$$00000013          0x00000146   Section        0  libinit2.o(.ARM.Collect$$libinit$$00000013)
    .ARM.Collect$$libinit$$00000015          0x00000146   Section        0  libinit2.o(.ARM.Collect$$libinit$$00000015)
    .ARM.Collect$$libinit$$00000017          0x00000146   Section        0  libinit2.o(.ARM.Collect$$libinit$$00000017)
    .ARM.Collect$$libinit$$00000019          0x00000146   Section        0  libinit2.o(.ARM.Collect$$libinit$$00000019)
    .ARM.Collect$$libinit$$0000001B          0x00000146   Section        0  libinit2.o(.ARM.Collect$$libinit$$0000001B)
    .ARM.Collect$$libinit$$0000001D          0x00000146   Section        0  libinit2.o(.ARM.Collect$$libinit$$0000001D)
    .ARM.Collect$$libinit$$0000001F          0x00000146   Section        0  libinit2.o(.ARM.Collect$$libinit$$0000001F)
    .ARM.Collect$$libinit$$00000021          0x00000146   Section        0  libinit2.o(.ARM.Collect$$libinit$$00000021)
    .ARM.Collect$$libinit$$00000023          0x00000146   Section        0  libinit2.o(.ARM.Collect$$libinit$$00000023)
    .ARM.Collect$$libinit$$00000025          0x00000146   Section        0  libinit2.o(.ARM.Collect$$libinit$$00000025)
    .ARM.Collect$$libinit$$00000027          0x00000146   Section        0  libinit2.o(.ARM.Collect$$libinit$$00000027)
    .ARM.Collect$$libinit$$0000002E          0x00000146   Section        0  libinit2.o(.ARM.Collect$$libinit$$0000002E)
    .ARM.Collect$$libinit$$00000030          0x00000146   Section        0  libinit2.o(.ARM.Collect$$libinit$$00000030)
    .ARM.Collect$$libinit$$00000032          0x00000146   Section        0  libinit2.o(.ARM.Collect$$libinit$$00000032)
    .ARM.Collect$$libinit$$00000034          0x00000146   Section        0  libinit2.o(.ARM.Collect$$libinit$$00000034)
    .ARM.Collect$$libinit$$00000035          0x00000146   Section        2  libinit2.o(.ARM.Collect$$libinit$$00000035)
    .ARM.Collect$$libshutdown$$00000000      0x00000148   Section        2  libshutdown.o(.ARM.Collect$$libshutdown$$00000000)
    .ARM.Collect$$libshutdown$$00000002      0x0000014a   Section        0  libshutdown2.o(.ARM.Collect$$libshutdown$$00000002)
    .ARM.Collect$$libshutdown$$00000004      0x0000014a   Section        0  libshutdown2.o(.ARM.Collect$$libshutdown$$00000004)
    .ARM.Collect$$libshutdown$$00000007      0x0000014a   Section        0  libshutdown2.o(.ARM.Collect$$libshutdown$$00000007)
    .ARM.Collect$$libshutdown$$0000000A      0x0000014a   Section        0  libshutdown2.o(.ARM.Collect$$libshutdown$$0000000A)
    .ARM.Collect$$libshutdown$$0000000C      0x0000014a   Section        0  libshutdown2.o(.ARM.Collect$$libshutdown$$0000000C)
    .ARM.Collect$$libshutdown$$0000000F      0x0000014a   Section        0  libshutdown2.o(.ARM.Collect$$libshutdown$$0000000F)
    .ARM.Collect$$libshutdown$$00000010      0x0000014a   Section        2  libshutdown2.o(.ARM.Collect$$libshutdown$$00000010)
    .ARM.Collect$$rtentry$$00000000          0x0000014c   Section        0  __rtentry.o(.ARM.Collect$$rtentry$$00000000)
    .ARM.Collect$$rtentry$$00000002          0x0000014c   Section        0  __rtentry2.o(.ARM.Collect$$rtentry$$00000002)
    .ARM.Collect$$rtentry$$00000004          0x0000014c   Section        6  __rtentry4.o(.ARM.Collect$$rtentry$$00000004)
    .ARM.Collect$$rtentry$$00000009          0x00000152   Section        0  __rtentry2.o(.ARM.Collect$$rtentry$$00000009)
    .ARM.Collect$$rtentry$$0000000A          0x00000152   Section        4  __rtentry2.o(.ARM.Collect$$rtentry$$0000000A)
    .ARM.Collect$$rtentry$$0000000C          0x00000156   Section        0  __rtentry2.o(.ARM.Collect$$rtentry$$0000000C)
    .ARM.Collect$$rtentry$$0000000D          0x00000156   Section        8  __rtentry2.o(.ARM.Collect$$rtentry$$0000000D)
    .ARM.Collect$$rtexit$$00000000           0x0000015e   Section        2  rtexit.o(.ARM.Collect$$rtexit$$00000000)
    .ARM.Collect$$rtexit$$00000002           0x00000160   Section        0  rtexit2.o(.ARM.Collect$$rtexit$$00000002)
    .ARM.Collect$$rtexit$$00000003           0x00000160   Section        4  rtexit2.o(.ARM.Collect$$rtexit$$00000003)
    .ARM.Collect$$rtexit$$00000004           0x00000164   Section        6  rtexit2.o(.ARM.Collect$$rtexit$$00000004)
    .text                                    0x0000016c   Section       44  startup_mspm0g350x_uvision.o(.text)
    .text                                    0x00000198   Section        0  rt_memclr.o(.text)
    .text                                    0x000001d8   Section      504  aeabi_sdivfast.o(.text)
    .text                                    0x000003d0   Section        0  heapauxi.o(.text)
    .text                                    0x000003d8   Section        0  fdiv.o(.text)
    .text                                    0x00000538   Section        0  fflti.o(.text)
    .text                                    0x00000598   Section        0  fcmpin.o(.text)
    .text                                    0x000005fc   Section        8  libspace.o(.text)
    .text                                    0x00000604   Section       62  sys_stackheap_outer.o(.text)
    .text                                    0x00000642   Section        0  exit.o(.text)
    .text                                    0x00000652   Section        0  cmpret.o(.text)
    .text                                    0x00000680   Section        0  fnan2.o(.text)
    .text                                    0x00000690   Section        0  retnan.o(.text)
    .text                                    0x000006f0   Section        0  sys_exit.o(.text)
    .text                                    0x000006fc   Section        2  use_no_semi.o(.text)
    [Anonymous Symbol]                       0x000006fe   Section        0  dl_common.o(.text.DL_Common_delayCycles)
    .text                                    0x000006fe   Section        0  indicate_semi.o(.text)
    [Anonymous Symbol]                       0x00000708   Section        0  dl_sysctl_mspm0g1x0x_g3x0x.o(.text.DL_SYSCTL_configSYSPLL)
    __arm_cp.0_0                             0x000007bc   Number         4  dl_sysctl_mspm0g1x0x_g3x0x.o(.text.DL_SYSCTL_configSYSPLL)
    __arm_cp.0_2                             0x000007c0   Number         4  dl_sysctl_mspm0g1x0x_g3x0x.o(.text.DL_SYSCTL_configSYSPLL)
    __arm_cp.0_3                             0x000007c4   Number         4  dl_sysctl_mspm0g1x0x_g3x0x.o(.text.DL_SYSCTL_configSYSPLL)
    __arm_cp.0_4                             0x000007c8   Number         4  dl_sysctl_mspm0g1x0x_g3x0x.o(.text.DL_SYSCTL_configSYSPLL)
    [Anonymous Symbol]                       0x000007cc   Section        0  dl_sysctl_mspm0g1x0x_g3x0x.o(.text.DL_SYSCTL_switchMCLKfromSYSOSCtoHSCLK)
    __arm_cp.4_0                             0x000007ec   Number         4  dl_sysctl_mspm0g1x0x_g3x0x.o(.text.DL_SYSCTL_switchMCLKfromSYSOSCtoHSCLK)
    __arm_cp.4_1                             0x000007f0   Number         4  dl_sysctl_mspm0g1x0x_g3x0x.o(.text.DL_SYSCTL_switchMCLKfromSYSOSCtoHSCLK)
    [Anonymous Symbol]                       0x000007f4   Section        0  dl_timer.o(.text.DL_Timer_initCaptureMode)
    __arm_cp.5_1                             0x00000900   Number         4  dl_timer.o(.text.DL_Timer_initCaptureMode)
    __arm_cp.5_4                             0x00000904   Number         4  dl_timer.o(.text.DL_Timer_initCaptureMode)
    __arm_cp.5_5                             0x00000908   Number         4  dl_timer.o(.text.DL_Timer_initCaptureMode)
    __arm_cp.5_6                             0x0000090c   Number         4  dl_timer.o(.text.DL_Timer_initCaptureMode)
    [Anonymous Symbol]                       0x00000910   Section        0  dl_timer.o(.text.DL_Timer_initFourCCPWMMode)
    __arm_cp.40_1                            0x00000a04   Number         4  dl_timer.o(.text.DL_Timer_initFourCCPWMMode)
    __arm_cp.40_2                            0x00000a08   Number         4  dl_timer.o(.text.DL_Timer_initFourCCPWMMode)
    __arm_cp.40_4                            0x00000a0c   Number         4  dl_timer.o(.text.DL_Timer_initFourCCPWMMode)
    __arm_cp.40_5                            0x00000a10   Number         4  dl_timer.o(.text.DL_Timer_initFourCCPWMMode)
    __arm_cp.40_6                            0x00000a14   Number         4  dl_timer.o(.text.DL_Timer_initFourCCPWMMode)
    [Anonymous Symbol]                       0x00000a18   Section        0  dl_timer.o(.text.DL_Timer_initTimerMode)
    __arm_cp.2_0                             0x00000af8   Number         4  dl_timer.o(.text.DL_Timer_initTimerMode)
    __arm_cp.2_1                             0x00000afc   Number         4  dl_timer.o(.text.DL_Timer_initTimerMode)
    __arm_cp.2_2                             0x00000b00   Number         4  dl_timer.o(.text.DL_Timer_initTimerMode)
    __arm_cp.2_3                             0x00000b04   Number         4  dl_timer.o(.text.DL_Timer_initTimerMode)
    [Anonymous Symbol]                       0x00000b08   Section        0  dl_timer.o(.text.DL_Timer_setCaptCompUpdateMethod)
    __arm_cp.23_0                            0x00000b20   Number         4  dl_timer.o(.text.DL_Timer_setCaptCompUpdateMethod)
    [Anonymous Symbol]                       0x00000b24   Section        0  dl_timer.o(.text.DL_Timer_setCaptureCompareOutCtl)
    __arm_cp.27_0                            0x00000b38   Number         4  dl_timer.o(.text.DL_Timer_setCaptureCompareOutCtl)
    [Anonymous Symbol]                       0x00000b3c   Section        0  dl_timer.o(.text.DL_Timer_setCaptureCompareValue)
    __arm_cp.3_0                             0x00000b48   Number         4  dl_timer.o(.text.DL_Timer_setCaptureCompareValue)
    [Anonymous Symbol]                       0x00000b4c   Section        0  dl_timer.o(.text.DL_Timer_setClockConfig)
    __arm_cp.0_0                             0x00000b64   Number         4  dl_timer.o(.text.DL_Timer_setClockConfig)
    [Anonymous Symbol]                       0x00000b68   Section        0  dl_uart.o(.text.DL_UART_init)
    __arm_cp.0_0                             0x00000ba8   Number         4  dl_uart.o(.text.DL_UART_init)
    __arm_cp.0_1                             0x00000bac   Number         4  dl_uart.o(.text.DL_UART_init)
    [Anonymous Symbol]                       0x00000bb0   Section        0  dl_uart.o(.text.DL_UART_setClockConfig)
    [Anonymous Symbol]                       0x00000bc4   Section        0  dl_uart.o(.text.DL_UART_transmitDataBlocking)
    __arm_cp.7_0                             0x00000bd4   Number         4  dl_uart.o(.text.DL_UART_transmitDataBlocking)
    [Anonymous Symbol]                       0x00000bd8   Section        0  delay.o(.text.Delay_ms)
    __arm_cp.1_1                             0x00000c10   Number         4  delay.o(.text.Delay_ms)
    [Anonymous Symbol]                       0x00000c14   Section        0  encoder.o(.text.Encoder_Init)
    __arm_cp.0_2                             0x00000c3c   Number         4  encoder.o(.text.Encoder_Init)
    __arm_cp.0_3                             0x00000c40   Number         4  encoder.o(.text.Encoder_Init)
    __arm_cp.0_4                             0x00000c44   Number         4  encoder.o(.text.Encoder_Init)
    __arm_cp.0_5                             0x00000c48   Number         4  encoder.o(.text.Encoder_Init)
    __arm_cp.0_6                             0x00000c4c   Number         4  encoder.o(.text.Encoder_Init)
    [Anonymous Symbol]                       0x00000c50   Section        0  encoder.o(.text.GROUP1_IRQHandler)
    __arm_cp.4_0                             0x00000cdc   Number         4  encoder.o(.text.GROUP1_IRQHandler)
    __arm_cp.4_2                             0x00000ce0   Number         4  encoder.o(.text.GROUP1_IRQHandler)
    __arm_cp.4_3                             0x00000ce4   Number         4  encoder.o(.text.GROUP1_IRQHandler)
    [Anonymous Symbol]                       0x00000ce8   Section        0  key.o(.text.Key_Init)
    __arm_cp.0_0                             0x00000d18   Number         4  key.o(.text.Key_Init)
    __arm_cp.0_2                             0x00000d1c   Number         4  key.o(.text.Key_Init)
    __arm_cp.0_3                             0x00000d20   Number         4  key.o(.text.Key_Init)
    [Anonymous Symbol]                       0x00000d24   Section        0  mpu6050_mspm0.o(.text.MPU6050_CalibrateGyroZ)
    __arm_cp.2_0                             0x00000d9c   Number         4  mpu6050_mspm0.o(.text.MPU6050_CalibrateGyroZ)
    [Anonymous Symbol]                       0x00000da0   Section        0  mpu6050_mspm0.o(.text.MPU6050_Init)
    __arm_cp.0_0                             0x00000e34   Number         4  mpu6050_mspm0.o(.text.MPU6050_Init)
    __arm_cp.0_1                             0x00000e38   Number         4  mpu6050_mspm0.o(.text.MPU6050_Init)
    __arm_cp.0_2                             0x00000e3c   Number         4  mpu6050_mspm0.o(.text.MPU6050_Init)
    __arm_cp.0_3                             0x00000e40   Number         4  mpu6050_mspm0.o(.text.MPU6050_Init)
    [Anonymous Symbol]                       0x00000e44   Section        0  motor.o(.text.Motor_Init)
    [Anonymous Symbol]                       0x00000e48   Section        0  oled.o(.text.OLED_I2C_SendByte)
    __arm_cp.3_0                             0x00000fe0   Number         4  oled.o(.text.OLED_I2C_SendByte)
    __arm_cp.3_1                             0x00000fe4   Number         4  oled.o(.text.OLED_I2C_SendByte)
    [Anonymous Symbol]                       0x00000fe8   Section        0  oled.o(.text.OLED_Init)
    __arm_cp.6_4                             0x000013dc   Number         4  oled.o(.text.OLED_Init)
    __arm_cp.6_5                             0x000013e0   Number         4  oled.o(.text.OLED_Init)
    __arm_cp.6_2                             0x0000184c   Number         4  oled.o(.text.OLED_Init)
    [Anonymous Symbol]                       0x00001850   Section        0  oled.o(.text.OLED_SetCursor)
    __arm_cp.9_0                             0x00001970   Number         4  oled.o(.text.OLED_SetCursor)
    [Anonymous Symbol]                       0x00001974   Section        0  oled.o(.text.OLED_Update)
    __arm_cp.8_0                             0x00001a20   Number         4  oled.o(.text.OLED_Update)
    [Anonymous Symbol]                       0x00001a24   Section        0  oled.o(.text.OLED_WriteData)
    __arm_cp.5_0                             0x00001aa4   Number         4  oled.o(.text.OLED_WriteData)
    [Anonymous Symbol]                       0x00001aa8   Section        0  pid.o(.text.PID_Init)
    [Anonymous Symbol]                       0x00001af4   Section        0  ti_msp_dl_config.o(.text.SYSCFG_DL_CAPTURE_0_init)
    __arm_cp.5_0                             0x00001b10   Number         4  ti_msp_dl_config.o(.text.SYSCFG_DL_CAPTURE_0_init)
    __arm_cp.5_1                             0x00001b14   Number         4  ti_msp_dl_config.o(.text.SYSCFG_DL_CAPTURE_0_init)
    __arm_cp.5_2                             0x00001b18   Number         4  ti_msp_dl_config.o(.text.SYSCFG_DL_CAPTURE_0_init)
    __arm_cp.5_3                             0x00001b1c   Number         4  ti_msp_dl_config.o(.text.SYSCFG_DL_CAPTURE_0_init)
    [Anonymous Symbol]                       0x00001b20   Section        0  ti_msp_dl_config.o(.text.SYSCFG_DL_GPIO_init)
    __arm_cp.2_0                             0x00001bec   Number         4  ti_msp_dl_config.o(.text.SYSCFG_DL_GPIO_init)
    __arm_cp.2_1                             0x00001bf0   Number         4  ti_msp_dl_config.o(.text.SYSCFG_DL_GPIO_init)
    __arm_cp.2_2                             0x00001bf4   Number         4  ti_msp_dl_config.o(.text.SYSCFG_DL_GPIO_init)
    __arm_cp.2_3                             0x00001bf8   Number         4  ti_msp_dl_config.o(.text.SYSCFG_DL_GPIO_init)
    __arm_cp.2_4                             0x00001bfc   Number         4  ti_msp_dl_config.o(.text.SYSCFG_DL_GPIO_init)
    __arm_cp.2_5                             0x00001c00   Number         4  ti_msp_dl_config.o(.text.SYSCFG_DL_GPIO_init)
    __arm_cp.2_6                             0x00001c04   Number         4  ti_msp_dl_config.o(.text.SYSCFG_DL_GPIO_init)
    __arm_cp.2_7                             0x00001c08   Number         4  ti_msp_dl_config.o(.text.SYSCFG_DL_GPIO_init)
    __arm_cp.2_8                             0x00001c0c   Number         4  ti_msp_dl_config.o(.text.SYSCFG_DL_GPIO_init)
    __arm_cp.2_9                             0x00001c10   Number         4  ti_msp_dl_config.o(.text.SYSCFG_DL_GPIO_init)
    __arm_cp.2_10                            0x00001c14   Number         4  ti_msp_dl_config.o(.text.SYSCFG_DL_GPIO_init)
    [Anonymous Symbol]                       0x00001c18   Section        0  ti_msp_dl_config.o(.text.SYSCFG_DL_PWM_0_init)
    __arm_cp.4_1                             0x00001c8c   Number         4  ti_msp_dl_config.o(.text.SYSCFG_DL_PWM_0_init)
    __arm_cp.4_2                             0x00001c90   Number         4  ti_msp_dl_config.o(.text.SYSCFG_DL_PWM_0_init)
    __arm_cp.4_3                             0x00001c94   Number         4  ti_msp_dl_config.o(.text.SYSCFG_DL_PWM_0_init)
    __arm_cp.4_4                             0x00001c98   Number         4  ti_msp_dl_config.o(.text.SYSCFG_DL_PWM_0_init)
    __arm_cp.4_5                             0x00001c9c   Number         4  ti_msp_dl_config.o(.text.SYSCFG_DL_PWM_0_init)
    [Anonymous Symbol]                       0x00001ca0   Section        0  ti_msp_dl_config.o(.text.SYSCFG_DL_SYSCTL_init)
    __arm_cp.3_0                             0x00001cfc   Number         4  ti_msp_dl_config.o(.text.SYSCFG_DL_SYSCTL_init)
    __arm_cp.3_1                             0x00001d00   Number         4  ti_msp_dl_config.o(.text.SYSCFG_DL_SYSCTL_init)
    __arm_cp.3_2                             0x00001d04   Number         4  ti_msp_dl_config.o(.text.SYSCFG_DL_SYSCTL_init)
    [Anonymous Symbol]                       0x00001d08   Section        0  ti_msp_dl_config.o(.text.SYSCFG_DL_TIMER_0_init)
    __arm_cp.6_0                             0x00001d38   Number         4  ti_msp_dl_config.o(.text.SYSCFG_DL_TIMER_0_init)
    __arm_cp.6_1                             0x00001d3c   Number         4  ti_msp_dl_config.o(.text.SYSCFG_DL_TIMER_0_init)
    __arm_cp.6_2                             0x00001d40   Number         4  ti_msp_dl_config.o(.text.SYSCFG_DL_TIMER_0_init)
    __arm_cp.6_3                             0x00001d44   Number         4  ti_msp_dl_config.o(.text.SYSCFG_DL_TIMER_0_init)
    __arm_cp.6_4                             0x00001d48   Number         4  ti_msp_dl_config.o(.text.SYSCFG_DL_TIMER_0_init)
    __arm_cp.6_5                             0x00001d4c   Number         4  ti_msp_dl_config.o(.text.SYSCFG_DL_TIMER_0_init)
    [Anonymous Symbol]                       0x00001d50   Section        0  ti_msp_dl_config.o(.text.SYSCFG_DL_TIMER_US_init)
    __arm_cp.7_0                             0x00001d74   Number         4  ti_msp_dl_config.o(.text.SYSCFG_DL_TIMER_US_init)
    __arm_cp.7_1                             0x00001d78   Number         4  ti_msp_dl_config.o(.text.SYSCFG_DL_TIMER_US_init)
    __arm_cp.7_2                             0x00001d7c   Number         4  ti_msp_dl_config.o(.text.SYSCFG_DL_TIMER_US_init)
    __arm_cp.7_3                             0x00001d80   Number         4  ti_msp_dl_config.o(.text.SYSCFG_DL_TIMER_US_init)
    __arm_cp.7_4                             0x00001d84   Number         4  ti_msp_dl_config.o(.text.SYSCFG_DL_TIMER_US_init)
    [Anonymous Symbol]                       0x00001d88   Section        0  ti_msp_dl_config.o(.text.SYSCFG_DL_UART_0_init)
    __arm_cp.8_0                             0x00001dd4   Number         4  ti_msp_dl_config.o(.text.SYSCFG_DL_UART_0_init)
    __arm_cp.8_1                             0x00001dd8   Number         4  ti_msp_dl_config.o(.text.SYSCFG_DL_UART_0_init)
    __arm_cp.8_2                             0x00001ddc   Number         4  ti_msp_dl_config.o(.text.SYSCFG_DL_UART_0_init)
    __arm_cp.8_3                             0x00001de0   Number         4  ti_msp_dl_config.o(.text.SYSCFG_DL_UART_0_init)
    __arm_cp.8_4                             0x00001de4   Number         4  ti_msp_dl_config.o(.text.SYSCFG_DL_UART_0_init)
    [Anonymous Symbol]                       0x00001de8   Section        0  ti_msp_dl_config.o(.text.SYSCFG_DL_init)
    __arm_cp.0_0                             0x00001e18   Number         4  ti_msp_dl_config.o(.text.SYSCFG_DL_init)
    __arm_cp.0_1                             0x00001e1c   Number         4  ti_msp_dl_config.o(.text.SYSCFG_DL_init)
    [Anonymous Symbol]                       0x00001e20   Section        0  ti_msp_dl_config.o(.text.SYSCFG_DL_initPower)
    __arm_cp.1_0                             0x00001e5c   Number         4  ti_msp_dl_config.o(.text.SYSCFG_DL_initPower)
    __arm_cp.1_1                             0x00001e60   Number         4  ti_msp_dl_config.o(.text.SYSCFG_DL_initPower)
    __arm_cp.1_2                             0x00001e64   Number         4  ti_msp_dl_config.o(.text.SYSCFG_DL_initPower)
    __arm_cp.1_3                             0x00001e68   Number         4  ti_msp_dl_config.o(.text.SYSCFG_DL_initPower)
    __arm_cp.1_4                             0x00001e6c   Number         4  ti_msp_dl_config.o(.text.SYSCFG_DL_initPower)
    __arm_cp.1_5                             0x00001e70   Number         4  ti_msp_dl_config.o(.text.SYSCFG_DL_initPower)
    __arm_cp.1_6                             0x00001e74   Number         4  ti_msp_dl_config.o(.text.SYSCFG_DL_initPower)
    __arm_cp.1_7                             0x00001e78   Number         4  ti_msp_dl_config.o(.text.SYSCFG_DL_initPower)
    __arm_cp.1_8                             0x00001e7c   Number         4  ti_msp_dl_config.o(.text.SYSCFG_DL_initPower)
    [Anonymous Symbol]                       0x00001e80   Section        0  sensor.o(.text.Sensor_Init)
    [Anonymous Symbol]                       0x00001e84   Section        0  motor.o(.text.Set_PWM)
    __arm_cp.1_0                             0x00001f1c   Number         4  motor.o(.text.Set_PWM)
    __arm_cp.1_1                             0x00001f20   Number         4  motor.o(.text.Set_PWM)
    __arm_cp.1_2                             0x00001f24   Number         4  motor.o(.text.Set_PWM)
    __arm_cp.1_3                             0x00001f28   Number         4  motor.o(.text.Set_PWM)
    [Anonymous Symbol]                       0x00001f2c   Section        0  delay.o(.text.SysTick_Handler)
    [Anonymous Symbol]                       0x00001f38   Section        0  delay.o(.text.SysTick_Init)
    __arm_cp.3_0                             0x00001f64   Number         4  delay.o(.text.SysTick_Init)
    __arm_cp.3_1                             0x00001f68   Number         4  delay.o(.text.SysTick_Init)
    __arm_cp.3_2                             0x00001f6c   Number         4  delay.o(.text.SysTick_Init)
    __arm_cp.3_3                             0x00001f70   Number         4  delay.o(.text.SysTick_Init)
    __arm_cp.3_4                             0x00001f74   Number         4  delay.o(.text.SysTick_Init)
    [Anonymous Symbol]                       0x00001f78   Section        0  empty.o(.text.System_Init)
    __arm_cp.1_0                             0x0000205c   Number         4  empty.o(.text.System_Init)
    __arm_cp.1_1                             0x00002060   Number         4  empty.o(.text.System_Init)
    __arm_cp.1_2                             0x00002064   Number         4  empty.o(.text.System_Init)
    __arm_cp.1_3                             0x00002068   Number         4  empty.o(.text.System_Init)
    __arm_cp.1_4                             0x0000206c   Number         4  empty.o(.text.System_Init)
    __arm_cp.1_5                             0x00002070   Number         4  empty.o(.text.System_Init)
    __arm_cp.1_6                             0x00002074   Number         4  empty.o(.text.System_Init)
    __arm_cp.1_7                             0x00002078   Number         4  empty.o(.text.System_Init)
    __arm_cp.1_8                             0x0000207c   Number         4  empty.o(.text.System_Init)
    __arm_cp.1_9                             0x00002080   Number         4  empty.o(.text.System_Init)
    __arm_cp.1_10                            0x00002084   Number         4  empty.o(.text.System_Init)
    __arm_cp.1_11                            0x00002088   Number         4  empty.o(.text.System_Init)
    __arm_cp.1_12                            0x0000208c   Number         4  empty.o(.text.System_Init)
    __arm_cp.1_13                            0x00002090   Number         4  empty.o(.text.System_Init)
    __arm_cp.1_14                            0x00002094   Number         4  empty.o(.text.System_Init)
    __arm_cp.1_15                            0x00002098   Number         4  empty.o(.text.System_Init)
    __arm_cp.1_16                            0x0000209c   Number         4  empty.o(.text.System_Init)
    __arm_cp.1_17                            0x000020a0   Number         4  empty.o(.text.System_Init)
    __arm_cp.1_18                            0x000020a4   Number         4  empty.o(.text.System_Init)
    __arm_cp.1_19                            0x000020a8   Number         4  empty.o(.text.System_Init)
    __arm_cp.1_20                            0x000020ac   Number         4  empty.o(.text.System_Init)
    __arm_cp.1_21                            0x000020b0   Number         4  empty.o(.text.System_Init)
    [Anonymous Symbol]                       0x000020b4   Section        0  encoder.o(.text.TIMA0_IRQHandler)
    __arm_cp.3_0                             0x000020f0   Number         4  encoder.o(.text.TIMA0_IRQHandler)
    __arm_cp.3_1                             0x000020f4   Number         4  encoder.o(.text.TIMA0_IRQHandler)
    __arm_cp.3_2                             0x000020f8   Number         4  encoder.o(.text.TIMA0_IRQHandler)
    __arm_cp.3_3                             0x000020fc   Number         4  encoder.o(.text.TIMA0_IRQHandler)
    __arm_cp.3_4                             0x00002100   Number         4  encoder.o(.text.TIMA0_IRQHandler)
    __arm_cp.3_5                             0x00002104   Number         4  encoder.o(.text.TIMA0_IRQHandler)
    __arm_cp.3_6                             0x00002108   Number         4  encoder.o(.text.TIMA0_IRQHandler)
    [Anonymous Symbol]                       0x0000210c   Section        0  ultrasonic.o(.text.Ultrasonic_Init)
    [Anonymous Symbol]                       0x00002110   Section        0  uart.o(.text.VOFA_SendSpeedLoop)
    __arm_cp.4_8                             0x000024f8   Number         4  uart.o(.text.VOFA_SendSpeedLoop)
    __arm_cp.4_9                             0x000024fc   Number         4  uart.o(.text.VOFA_SendSpeedLoop)
    __arm_cp.4_10                            0x00002500   Number         4  uart.o(.text.VOFA_SendSpeedLoop)
    __arm_cp.4_11                            0x00002504   Number         4  uart.o(.text.VOFA_SendSpeedLoop)
    __arm_cp.4_12                            0x00002508   Number         4  uart.o(.text.VOFA_SendSpeedLoop)
    __arm_cp.4_13                            0x0000250c   Number         4  uart.o(.text.VOFA_SendSpeedLoop)
    __arm_cp.4_6                             0x000025d0   Number         4  uart.o(.text.VOFA_SendSpeedLoop)
    __arm_cp.4_7                             0x000025d4   Number         4  uart.o(.text.VOFA_SendSpeedLoop)
    [Anonymous Symbol]                       0x000025d8   Section        0  empty.o(.text.main)
    mpu_i2c_write_byte                       0x000025f1   Thumb Code   416  mpu6050_mspm0.o(.text.mpu_i2c_write_byte)
    [Anonymous Symbol]                       0x000025f0   Section        0  mpu6050_mspm0.o(.text.mpu_i2c_write_byte)
    mpu_read_bytes                           0x00002791   Thumb Code   532  mpu6050_mspm0.o(.text.mpu_read_bytes)
    [Anonymous Symbol]                       0x00002790   Section        0  mpu6050_mspm0.o(.text.mpu_read_bytes)
    __arm_cp.5_0                             0x000029a4   Number         4  mpu6050_mspm0.o(.text.mpu_read_bytes)
    __arm_cp.5_1                             0x000029a8   Number         4  mpu6050_mspm0.o(.text.mpu_read_bytes)
    mpu_write_reg                            0x000029ad   Thumb Code   124  mpu6050_mspm0.o(.text.mpu_write_reg)
    [Anonymous Symbol]                       0x000029ac   Section        0  mpu6050_mspm0.o(.text.mpu_write_reg)
    __arm_cp.1_0                             0x00002a28   Number         4  mpu6050_mspm0.o(.text.mpu_write_reg)
    .text_divfast                            0x00002a2c   Section      502  aeabi_sdivfast.o(.text_divfast)
    i._fls                                   0x00002c22   Section        0  fcmp.o(i._fls)
    x$fpl$fadd                               0x00002c38   Section      140  faddsub.o(x$fpl$fadd)
    _fadd1                                   0x00002c45   Thumb Code     0  faddsub.o(x$fpl$fadd)
    x$fpl$fleqf                              0x00002cc4   Section       84  flef.o(x$fpl$fleqf)
    x$fpl$fsub                               0x00002d18   Section      208  faddsub.o(x$fpl$fsub)
    _fsub1                                   0x00002d25   Thumb Code     0  faddsub.o(x$fpl$fsub)
    fdiv_tab                                 0x00002de8   Data          64  fdiv.o(.constdata)
    .constdata                               0x00002de8   Section       64  fdiv.o(.constdata)
    x$fpl$usenofp                            0x00002de8   Section        0  usenofp.o(x$fpl$usenofp)
    [Anonymous Symbol]                       0x00002e28   Section        0  dl_timer.o(.rodata..Lswitch.table.DL_Timer_initCompareMode)
    gCAPTURE_0CaptureConfig                  0x00002e34   Data          16  ti_msp_dl_config.o(.rodata.gCAPTURE_0CaptureConfig)
    [Anonymous Symbol]                       0x00002e34   Section        0  ti_msp_dl_config.o(.rodata.gCAPTURE_0CaptureConfig)
    gCAPTURE_0ClockConfig                    0x00002e44   Data           3  ti_msp_dl_config.o(.rodata.gCAPTURE_0ClockConfig)
    [Anonymous Symbol]                       0x00002e44   Section        0  ti_msp_dl_config.o(.rodata.gCAPTURE_0ClockConfig)
    gPWM_0ClockConfig                        0x00002e47   Data           3  ti_msp_dl_config.o(.rodata.gPWM_0ClockConfig)
    [Anonymous Symbol]                       0x00002e47   Section        0  ti_msp_dl_config.o(.rodata.gPWM_0ClockConfig)
    gPWM_0Config                             0x00002e4c   Data           8  ti_msp_dl_config.o(.rodata.gPWM_0Config)
    [Anonymous Symbol]                       0x00002e4c   Section        0  ti_msp_dl_config.o(.rodata.gPWM_0Config)
    gSYSPLLConfig                            0x00002e54   Data          40  ti_msp_dl_config.o(.rodata.gSYSPLLConfig)
    [Anonymous Symbol]                       0x00002e54   Section        0  ti_msp_dl_config.o(.rodata.gSYSPLLConfig)
    gTIMER_0ClockConfig                      0x00002e7c   Data           3  ti_msp_dl_config.o(.rodata.gTIMER_0ClockConfig)
    [Anonymous Symbol]                       0x00002e7c   Section        0  ti_msp_dl_config.o(.rodata.gTIMER_0ClockConfig)
    gTIMER_0TimerConfig                      0x00002e80   Data          20  ti_msp_dl_config.o(.rodata.gTIMER_0TimerConfig)
    [Anonymous Symbol]                       0x00002e80   Section        0  ti_msp_dl_config.o(.rodata.gTIMER_0TimerConfig)
    gTIMER_USClockConfig                     0x00002e94   Data           3  ti_msp_dl_config.o(.rodata.gTIMER_USClockConfig)
    [Anonymous Symbol]                       0x00002e94   Section        0  ti_msp_dl_config.o(.rodata.gTIMER_USClockConfig)
    gTIMER_USTimerConfig                     0x00002e98   Data          20  ti_msp_dl_config.o(.rodata.gTIMER_USTimerConfig)
    [Anonymous Symbol]                       0x00002e98   Section        0  ti_msp_dl_config.o(.rodata.gTIMER_USTimerConfig)
    gUART_0ClockConfig                       0x00002eac   Data           2  ti_msp_dl_config.o(.rodata.gUART_0ClockConfig)
    [Anonymous Symbol]                       0x00002eac   Section        0  ti_msp_dl_config.o(.rodata.gUART_0ClockConfig)
    gUART_0Config                            0x00002eae   Data          10  ti_msp_dl_config.o(.rodata.gUART_0Config)
    [Anonymous Symbol]                       0x00002eae   Section        0  ti_msp_dl_config.o(.rodata.gUART_0Config)
    .bss                                     0x20200000   Section       96  libspace.o(.bss)
    s_keys                                   0x202006c0   Data          32  key.o(.bss.s_keys)
    [Anonymous Symbol]                       0x202006c0   Section        0  key.o(.bss.s_keys)
    Heap_Mem                                 0x20200730   Data           0  startup_mspm0g350x_uvision.o(HEAP)
    Stack_Mem                                0x20200730   Data         256  startup_mspm0g350x_uvision.o(STACK)
    HEAP                                     0x20200730   Section        0  startup_mspm0g350x_uvision.o(HEAP)
    STACK                                    0x20200730   Section      256  startup_mspm0g350x_uvision.o(STACK)
    __initial_sp                             0x20200830   Data           0  startup_mspm0g350x_uvision.o(STACK)

    Global Symbols

    Symbol Name                              Value     Ov Type        Size  Object(Section)

    BuildAttributes$$THM_ISAv3M$S$PE$A:L22$X:L11$S22$IEEE1$IW$~IW$USESV6$~STKCKD$USESV7$~SHL$OTIME$ROPI$IEEEX$EBA8$UX$STANDARDLIB$REQ8$PRES8$EABIv2 0x00000000   Number         0  anon$$obj.o ABSOLUTE
    __Vectors                                0x00000000   Data           4  startup_mspm0g350x_uvision.o(RESET)
    _printf_flags                            0x00000000   Number         0  printf_stubs.o ABSOLUTE
    _printf_return_value                     0x00000000   Number         0  printf_stubs.o ABSOLUTE
    _printf_sizespec                         0x00000000   Number         0  printf_stubs.o ABSOLUTE
    _printf_widthprec                        0x00000000   Number         0  printf_stubs.o ABSOLUTE
    __ARM_exceptions_init                     - Undefined Weak Reference
    __alloca_initialize                       - Undefined Weak Reference
    __arm_preinit_                            - Undefined Weak Reference
    __arm_relocate_pie_                       - Undefined Weak Reference
    __cpp_initialize__aeabi_                  - Undefined Weak Reference
    __cxa_finalize                            - Undefined Weak Reference
    __sigvec_lookup                           - Undefined Weak Reference
    _atexit_init                              - Undefined Weak Reference
    _call_atexit_fns                          - Undefined Weak Reference
    _clock_init                               - Undefined Weak Reference
    _fp_trap_init                             - Undefined Weak Reference
    _fp_trap_shutdown                         - Undefined Weak Reference
    _get_lc_collate                           - Undefined Weak Reference
    _get_lc_monetary                          - Undefined Weak Reference
    _get_lc_time                              - Undefined Weak Reference
    _getenv_init                              - Undefined Weak Reference
    _handle_redirection                       - Undefined Weak Reference
    _init_alloc                               - Undefined Weak Reference
    _init_user_alloc                          - Undefined Weak Reference
    _initio                                   - Undefined Weak Reference
    _printf_mbtowc                            - Undefined Weak Reference
    _printf_wc                                - Undefined Weak Reference
    _rand_init                                - Undefined Weak Reference
    _signal_finish                            - Undefined Weak Reference
    _signal_init                              - Undefined Weak Reference
    _terminate_alloc                          - Undefined Weak Reference
    _terminate_user_alloc                     - Undefined Weak Reference
    _terminateio                              - Undefined Weak Reference
    __Vectors_End                            0x000000c0   Data           0  startup_mspm0g350x_uvision.o(RESET)
    __Vectors_Size                           0x000000c0   Number         0  startup_mspm0g350x_uvision.o ABSOLUTE
    __main                                   0x000000c1   Thumb Code     8  __main.o(!!!main)
    __scatterload                            0x000000c9   Thumb Code     0  __scatter.o(!!!scatter)
    __scatterload_rt2                        0x000000c9   Thumb Code    74  __scatter.o(!!!scatter)
    __scatterload_rt2_thumb_only             0x000000c9   Thumb Code     0  __scatter.o(!!!scatter)
    __scatterload_loop                       0x000000d3   Thumb Code     0  __scatter.o(!!!scatter)
    __scatterload_null                       0x00000121   Thumb Code     2  __scatter.o(!!handler_null)
    __scatterload_zeroinit                   0x00000129   Thumb Code    28  __scatter_zi.o(!!handler_zi)
    __rt_lib_init                            0x00000145   Thumb Code     0  libinit.o(.ARM.Collect$$libinit$$00000000)
    __rt_lib_init_alloca_1                   0x00000147   Thumb Code     0  libinit2.o(.ARM.Collect$$libinit$$00000030)
    __rt_lib_init_argv_1                     0x00000147   Thumb Code     0  libinit2.o(.ARM.Collect$$libinit$$0000002E)
    __rt_lib_init_atexit_1                   0x00000147   Thumb Code     0  libinit2.o(.ARM.Collect$$libinit$$0000001D)
    __rt_lib_init_clock_1                    0x00000147   Thumb Code     0  libinit2.o(.ARM.Collect$$libinit$$00000023)
    __rt_lib_init_cpp_1                      0x00000147   Thumb Code     0  libinit2.o(.ARM.Collect$$libinit$$00000034)
    __rt_lib_init_exceptions_1               0x00000147   Thumb Code     0  libinit2.o(.ARM.Collect$$libinit$$00000032)
    __rt_lib_init_fp_1                       0x00000147   Thumb Code     0  libinit2.o(.ARM.Collect$$libinit$$00000002)
    __rt_lib_init_fp_trap_1                  0x00000147   Thumb Code     0  libinit2.o(.ARM.Collect$$libinit$$00000021)
    __rt_lib_init_getenv_1                   0x00000147   Thumb Code     0  libinit2.o(.ARM.Collect$$libinit$$00000025)
    __rt_lib_init_heap_1                     0x00000147   Thumb Code     0  libinit2.o(.ARM.Collect$$libinit$$0000000C)
    __rt_lib_init_lc_collate_1               0x00000147   Thumb Code     0  libinit2.o(.ARM.Collect$$libinit$$00000013)
    __rt_lib_init_lc_ctype_1                 0x00000147   Thumb Code     0  libinit2.o(.ARM.Collect$$libinit$$00000015)
    __rt_lib_init_lc_monetary_1              0x00000147   Thumb Code     0  libinit2.o(.ARM.Collect$$libinit$$00000017)
    __rt_lib_init_lc_numeric_1               0x00000147   Thumb Code     0  libinit2.o(.ARM.Collect$$libinit$$00000019)
    __rt_lib_init_lc_time_1                  0x00000147   Thumb Code     0  libinit2.o(.ARM.Collect$$libinit$$0000001B)
    __rt_lib_init_preinit_1                  0x00000147   Thumb Code     0  libinit2.o(.ARM.Collect$$libinit$$00000006)
    __rt_lib_init_rand_1                     0x00000147   Thumb Code     0  libinit2.o(.ARM.Collect$$libinit$$00000010)
    __rt_lib_init_relocate_pie_1             0x00000147   Thumb Code     0  libinit2.o(.ARM.Collect$$libinit$$00000004)
    __rt_lib_init_return                     0x00000147   Thumb Code     0  libinit2.o(.ARM.Collect$$libinit$$00000035)
    __rt_lib_init_signal_1                   0x00000147   Thumb Code     0  libinit2.o(.ARM.Collect$$libinit$$0000001F)
    __rt_lib_init_stdio_1                    0x00000147   Thumb Code     0  libinit2.o(.ARM.Collect$$libinit$$00000027)
    __rt_lib_init_user_alloc_1               0x00000147   Thumb Code     0  libinit2.o(.ARM.Collect$$libinit$$0000000E)
    __rt_lib_shutdown                        0x00000149   Thumb Code     0  libshutdown.o(.ARM.Collect$$libshutdown$$00000000)
    __rt_lib_shutdown_cpp_1                  0x0000014b   Thumb Code     0  libshutdown2.o(.ARM.Collect$$libshutdown$$00000002)
    __rt_lib_shutdown_fp_trap_1              0x0000014b   Thumb Code     0  libshutdown2.o(.ARM.Collect$$libshutdown$$00000007)
    __rt_lib_shutdown_heap_1                 0x0000014b   Thumb Code     0  libshutdown2.o(.ARM.Collect$$libshutdown$$0000000F)
    __rt_lib_shutdown_return                 0x0000014b   Thumb Code     0  libshutdown2.o(.ARM.Collect$$libshutdown$$00000010)
    __rt_lib_shutdown_signal_1               0x0000014b   Thumb Code     0  libshutdown2.o(.ARM.Collect$$libshutdown$$0000000A)
    __rt_lib_shutdown_stdio_1                0x0000014b   Thumb Code     0  libshutdown2.o(.ARM.Collect$$libshutdown$$00000004)
    __rt_lib_shutdown_user_alloc_1           0x0000014b   Thumb Code     0  libshutdown2.o(.ARM.Collect$$libshutdown$$0000000C)
    __rt_entry                               0x0000014d   Thumb Code     0  __rtentry.o(.ARM.Collect$$rtentry$$00000000)
    __rt_entry_presh_1                       0x0000014d   Thumb Code     0  __rtentry2.o(.ARM.Collect$$rtentry$$00000002)
    __rt_entry_sh                            0x0000014d   Thumb Code     0  __rtentry4.o(.ARM.Collect$$rtentry$$00000004)
    __rt_entry_li                            0x00000153   Thumb Code     0  __rtentry2.o(.ARM.Collect$$rtentry$$0000000A)
    __rt_entry_postsh_1                      0x00000153   Thumb Code     0  __rtentry2.o(.ARM.Collect$$rtentry$$00000009)
    __rt_entry_main                          0x00000157   Thumb Code     0  __rtentry2.o(.ARM.Collect$$rtentry$$0000000D)
    __rt_entry_postli_1                      0x00000157   Thumb Code     0  __rtentry2.o(.ARM.Collect$$rtentry$$0000000C)
    __rt_exit                                0x0000015f   Thumb Code     0  rtexit.o(.ARM.Collect$$rtexit$$00000000)
    __rt_exit_ls                             0x00000161   Thumb Code     0  rtexit2.o(.ARM.Collect$$rtexit$$00000003)
    __rt_exit_prels_1                        0x00000161   Thumb Code     0  rtexit2.o(.ARM.Collect$$rtexit$$00000002)
    __rt_exit_exit                           0x00000165   Thumb Code     0  rtexit2.o(.ARM.Collect$$rtexit$$00000004)
    Reset_Handler                            0x0000016d   Thumb Code     4  startup_mspm0g350x_uvision.o(.text)
    NMI_Handler                              0x00000171   Thumb Code     2  startup_mspm0g350x_uvision.o(.text)
    HardFault_Handler                        0x00000173   Thumb Code     2  startup_mspm0g350x_uvision.o(.text)
    SVC_Handler                              0x00000175   Thumb Code     2  startup_mspm0g350x_uvision.o(.text)
    PendSV_Handler                           0x00000177   Thumb Code     2  startup_mspm0g350x_uvision.o(.text)
    ADC0_IRQHandler                          0x0000017b   Thumb Code     0  startup_mspm0g350x_uvision.o(.text)
    ADC1_IRQHandler                          0x0000017b   Thumb Code     0  startup_mspm0g350x_uvision.o(.text)
    AES_IRQHandler                           0x0000017b   Thumb Code     0  startup_mspm0g350x_uvision.o(.text)
    CANFD0_IRQHandler                        0x0000017b   Thumb Code     0  startup_mspm0g350x_uvision.o(.text)
    DAC0_IRQHandler                          0x0000017b   Thumb Code     0  startup_mspm0g350x_uvision.o(.text)
    DMA_IRQHandler                           0x0000017b   Thumb Code     0  startup_mspm0g350x_uvision.o(.text)
    Default_Handler                          0x0000017b   Thumb Code     2  startup_mspm0g350x_uvision.o(.text)
    GROUP0_IRQHandler                        0x0000017b   Thumb Code     0  startup_mspm0g350x_uvision.o(.text)
    I2C0_IRQHandler                          0x0000017b   Thumb Code     0  startup_mspm0g350x_uvision.o(.text)
    I2C1_IRQHandler                          0x0000017b   Thumb Code     0  startup_mspm0g350x_uvision.o(.text)
    RTC_IRQHandler                           0x0000017b   Thumb Code     0  startup_mspm0g350x_uvision.o(.text)
    SPI0_IRQHandler                          0x0000017b   Thumb Code     0  startup_mspm0g350x_uvision.o(.text)
    SPI1_IRQHandler                          0x0000017b   Thumb Code     0  startup_mspm0g350x_uvision.o(.text)
    TIMA1_IRQHandler                         0x0000017b   Thumb Code     0  startup_mspm0g350x_uvision.o(.text)
    TIMG0_IRQHandler                         0x0000017b   Thumb Code     0  startup_mspm0g350x_uvision.o(.text)
    TIMG12_IRQHandler                        0x0000017b   Thumb Code     0  startup_mspm0g350x_uvision.o(.text)
    TIMG6_IRQHandler                         0x0000017b   Thumb Code     0  startup_mspm0g350x_uvision.o(.text)
    TIMG7_IRQHandler                         0x0000017b   Thumb Code     0  startup_mspm0g350x_uvision.o(.text)
    TIMG8_IRQHandler                         0x0000017b   Thumb Code     0  startup_mspm0g350x_uvision.o(.text)
    UART0_IRQHandler                         0x0000017b   Thumb Code     0  startup_mspm0g350x_uvision.o(.text)
    UART1_IRQHandler                         0x0000017b   Thumb Code     0  startup_mspm0g350x_uvision.o(.text)
    UART2_IRQHandler                         0x0000017b   Thumb Code     0  startup_mspm0g350x_uvision.o(.text)
    UART3_IRQHandler                         0x0000017b   Thumb Code     0  startup_mspm0g350x_uvision.o(.text)
    __user_initial_stackheap                 0x0000017d   Thumb Code    10  startup_mspm0g350x_uvision.o(.text)
    _memset_w                                0x00000199   Thumb Code    26  rt_memclr.o(.text)
    _memset                                  0x000001b3   Thumb Code    30  rt_memclr.o(.text)
    __aeabi_memclr                           0x000001d1   Thumb Code     4  rt_memclr.o(.text)
    __rt_memclr                              0x000001d1   Thumb Code     0  rt_memclr.o(.text)
    __aeabi_memclr4                          0x000001d5   Thumb Code     0  rt_memclr.o(.text)
    __aeabi_memclr8                          0x000001d5   Thumb Code     0  rt_memclr.o(.text)
    __rt_memclr_w                            0x000001d5   Thumb Code     4  rt_memclr.o(.text)
    __aeabi_uidivmod                         0x000001d9   Thumb Code    28  aeabi_sdivfast.o(.text)
    __aeabi_idivmod                          0x000001f5   Thumb Code   472  aeabi_sdivfast.o(.text)
    __use_two_region_memory                  0x000003d1   Thumb Code     2  heapauxi.o(.text)
    __rt_heap_escrow$2region                 0x000003d3   Thumb Code     2  heapauxi.o(.text)
    __rt_heap_expand$2region                 0x000003d5   Thumb Code     2  heapauxi.o(.text)
    __aeabi_fdiv                             0x000003d9   Thumb Code     0  fdiv.o(.text)
    __divsf3                                 0x000003d9   Thumb Code     0  fdiv.o(.text)
    _fdiv                                    0x000003d9   Thumb Code   334  fdiv.o(.text)
    _frdiv                                   0x00000527   Thumb Code     8  fdiv.o(.text)
    __aeabi_i2f_normalise                    0x00000539   Thumb Code    72  fflti.o(.text)
    __aeabi_i2f                              0x00000581   Thumb Code    16  fflti.o(.text)
    _fflt                                    0x00000581   Thumb Code     0  fflti.o(.text)
    __aeabi_ui2f                             0x00000591   Thumb Code     6  fflti.o(.text)
    _ffltu                                   0x00000591   Thumb Code     0  fflti.o(.text)
    __fpl_fcmp_InfNaN                        0x00000599   Thumb Code    96  fcmpin.o(.text)
    __user_libspace                          0x000005fd   Thumb Code     8  libspace.o(.text)
    __user_perproc_libspace                  0x000005fd   Thumb Code     0  libspace.o(.text)
    __user_perthread_libspace                0x000005fd   Thumb Code     0  libspace.o(.text)
    __user_setup_stackheap                   0x00000605   Thumb Code    62  sys_stackheap_outer.o(.text)
    exit                                     0x00000643   Thumb Code    16  exit.o(.text)
    __fpl_cmpreturn                          0x00000653   Thumb Code    46  cmpret.o(.text)
    __fpl_fcheck_NaN2                        0x00000681   Thumb Code    10  fnan2.o(.text)
    __fpl_return_NaN                         0x00000691   Thumb Code    94  retnan.o(.text)
    _sys_exit                                0x000006f1   Thumb Code     8  sys_exit.o(.text)
    __I$use$semihosting                      0x000006fd   Thumb Code     0  use_no_semi.o(.text)
    __use_no_semihosting_swi                 0x000006fd   Thumb Code     2  use_no_semi.o(.text)
    DL_Common_delayCycles                    0x000006ff   Thumb Code    10  dl_common.o(.text.DL_Common_delayCycles)
    __semihosting_library_function           0x000006ff   Thumb Code     0  indicate_semi.o(.text)
    DL_SYSCTL_configSYSPLL                   0x00000709   Thumb Code   196  dl_sysctl_mspm0g1x0x_g3x0x.o(.text.DL_SYSCTL_configSYSPLL)
    DL_SYSCTL_switchMCLKfromSYSOSCtoHSCLK    0x000007cd   Thumb Code    40  dl_sysctl_mspm0g1x0x_g3x0x.o(.text.DL_SYSCTL_switchMCLKfromSYSOSCtoHSCLK)
    DL_Timer_initCaptureMode                 0x000007f5   Thumb Code   284  dl_timer.o(.text.DL_Timer_initCaptureMode)
    DL_Timer_initFourCCPWMMode               0x00000911   Thumb Code   264  dl_timer.o(.text.DL_Timer_initFourCCPWMMode)
    DL_Timer_initTimerMode                   0x00000a19   Thumb Code   240  dl_timer.o(.text.DL_Timer_initTimerMode)
    DL_Timer_setCaptCompUpdateMethod         0x00000b09   Thumb Code    28  dl_timer.o(.text.DL_Timer_setCaptCompUpdateMethod)
    DL_Timer_setCaptureCompareOutCtl         0x00000b25   Thumb Code    24  dl_timer.o(.text.DL_Timer_setCaptureCompareOutCtl)
    DL_Timer_setCaptureCompareValue          0x00000b3d   Thumb Code    16  dl_timer.o(.text.DL_Timer_setCaptureCompareValue)
    DL_Timer_setClockConfig                  0x00000b4d   Thumb Code    28  dl_timer.o(.text.DL_Timer_setClockConfig)
    DL_UART_init                             0x00000b69   Thumb Code    72  dl_uart.o(.text.DL_UART_init)
    DL_UART_setClockConfig                   0x00000bb1   Thumb Code    18  dl_uart.o(.text.DL_UART_setClockConfig)
    DL_UART_transmitDataBlocking             0x00000bc5   Thumb Code    20  dl_uart.o(.text.DL_UART_transmitDataBlocking)
    Delay_ms                                 0x00000bd9   Thumb Code    56  delay.o(.text.Delay_ms)
    Encoder_Init                             0x00000c15   Thumb Code    40  encoder.o(.text.Encoder_Init)
    GROUP1_IRQHandler                        0x00000c51   Thumb Code   140  encoder.o(.text.GROUP1_IRQHandler)
    Key_Init                                 0x00000ce9   Thumb Code    48  key.o(.text.Key_Init)
    MPU6050_CalibrateGyroZ                   0x00000d25   Thumb Code   120  mpu6050_mspm0.o(.text.MPU6050_CalibrateGyroZ)
    MPU6050_Init                             0x00000da1   Thumb Code   148  mpu6050_mspm0.o(.text.MPU6050_Init)
    Motor_Init                               0x00000e45   Thumb Code     2  motor.o(.text.Motor_Init)
    OLED_I2C_SendByte                        0x00000e49   Thumb Code   408  oled.o(.text.OLED_I2C_SendByte)
    OLED_Init                                0x00000fe9   Thumb Code  2148  oled.o(.text.OLED_Init)
    OLED_SetCursor                           0x00001851   Thumb Code   288  oled.o(.text.OLED_SetCursor)
    OLED_Update                              0x00001975   Thumb Code   172  oled.o(.text.OLED_Update)
    OLED_WriteData                           0x00001a25   Thumb Code   128  oled.o(.text.OLED_WriteData)
    PID_Init                                 0x00001aa9   Thumb Code    74  pid.o(.text.PID_Init)
    SYSCFG_DL_CAPTURE_0_init                 0x00001af5   Thumb Code    28  ti_msp_dl_config.o(.text.SYSCFG_DL_CAPTURE_0_init)
    SYSCFG_DL_GPIO_init                      0x00001b21   Thumb Code   204  ti_msp_dl_config.o(.text.SYSCFG_DL_GPIO_init)
    SYSCFG_DL_PWM_0_init                     0x00001c19   Thumb Code   116  ti_msp_dl_config.o(.text.SYSCFG_DL_PWM_0_init)
    SYSCFG_DL_SYSCTL_init                    0x00001ca1   Thumb Code    92  ti_msp_dl_config.o(.text.SYSCFG_DL_SYSCTL_init)
    SYSCFG_DL_TIMER_0_init                   0x00001d09   Thumb Code    48  ti_msp_dl_config.o(.text.SYSCFG_DL_TIMER_0_init)
    SYSCFG_DL_TIMER_US_init                  0x00001d51   Thumb Code    36  ti_msp_dl_config.o(.text.SYSCFG_DL_TIMER_US_init)
    SYSCFG_DL_UART_0_init                    0x00001d89   Thumb Code    76  ti_msp_dl_config.o(.text.SYSCFG_DL_UART_0_init)
    SYSCFG_DL_init                           0x00001de9   Thumb Code    48  ti_msp_dl_config.o(.text.SYSCFG_DL_init)
    SYSCFG_DL_initPower                      0x00001e21   Thumb Code    60  ti_msp_dl_config.o(.text.SYSCFG_DL_initPower)
    Sensor_Init                              0x00001e81   Thumb Code     2  sensor.o(.text.Sensor_Init)
    Set_PWM                                  0x00001e85   Thumb Code   152  motor.o(.text.Set_PWM)
    SysTick_Handler                          0x00001f2d   Thumb Code    12  delay.o(.text.SysTick_Handler)
    SysTick_Init                             0x00001f39   Thumb Code    44  delay.o(.text.SysTick_Init)
    System_Init                              0x00001f79   Thumb Code   228  empty.o(.text.System_Init)
    TIMA0_IRQHandler                         0x000020b5   Thumb Code    60  encoder.o(.text.TIMA0_IRQHandler)
    Ultrasonic_Init                          0x0000210d   Thumb Code     2  ultrasonic.o(.text.Ultrasonic_Init)
    VOFA_SendSpeedLoop                       0x00002111   Thumb Code  1216  uart.o(.text.VOFA_SendSpeedLoop)
    main                                     0x000025d9   Thumb Code    22  empty.o(.text.main)
    __aeabi_uidiv                            0x00002a2d   Thumb Code    68  aeabi_sdivfast.o(.text_divfast)
    __aeabi_idiv                             0x00002a71   Thumb Code   434  aeabi_sdivfast.o(.text_divfast)
    __aeabi_fcmplt                           0x00002c23   Thumb Code     0  fcmp.o(i._fls)
    _fls                                     0x00002c23   Thumb Code    22  fcmp.o(i._fls)
    __aeabi_fadd                             0x00002c39   Thumb Code     0  faddsub.o(x$fpl$fadd)
    _fadd                                    0x00002c39   Thumb Code   134  faddsub.o(x$fpl$fadd)
    __aeabi_cfcmple                          0x00002cc5   Thumb Code     0  flef.o(x$fpl$fleqf)
    _fcmple                                  0x00002cc5   Thumb Code    78  flef.o(x$fpl$fleqf)
    __aeabi_fsub                             0x00002d19   Thumb Code     0  faddsub.o(x$fpl$fsub)
    _fsub                                    0x00002d19   Thumb Code   204  faddsub.o(x$fpl$fsub)
    __I$use$fp                               0x00002de8   Number         0  usenofp.o(x$fpl$usenofp)
    Region$$Table$$Base                      0x00002eb8   Number         0  anon$$obj.o(Region$$Table)
    Region$$Table$$Limit                     0x00002ec8   Number         0  anon$$obj.o(Region$$Table)
    __libspace_start                         0x20200000   Data          96  libspace.o(.bss)
    Get_Encoder_countA                       0x20200060   Data           4  encoder.o(.bss.Get_Encoder_countA)
    __temporary_stack_top$libspace           0x20200060   Data           0  libspace.o(.bss)
    Get_Encoder_countB                       0x20200064   Data           4  encoder.o(.bss.Get_Encoder_countB)
    OLED_DisplayBuf                          0x20200068   Data        1024  oled.o(.bss.OLED_DisplayBuf)
    PWMleft                                  0x20200468   Data           4  empty.o(.bss.PWMleft)
    PWMright                                 0x2020046c   Data           4  empty.o(.bss.PWMright)
    anglePID                                 0x20200470   Data          60  empty.o(.bss.anglePID)
    encoderA_cnt                             0x202004ac   Data           4  encoder.o(.bss.encoderA_cnt)
    encoderB_cnt                             0x202004b0   Data           4  encoder.o(.bss.encoderB_cnt)
    gCAPTURE_0Backup                         0x202004b4   Data         188  ti_msp_dl_config.o(.bss.gCAPTURE_0Backup)
    gImu                                     0x20200570   Data          16  empty.o(.bss.gImu)
    gMPU6050_OK                              0x20200580   Data           1  empty.o(.bss.gMPU6050_OK)
    gTIMER_0Backup                           0x20200584   Data         188  ti_msp_dl_config.o(.bss.gTIMER_0Backup)
    leftEncSpeed                             0x20200640   Data           4  empty.o(.bss.leftEncSpeed)
    leftPID                                  0x20200644   Data          60  empty.o(.bss.leftPID)
    rightEncSpeed                            0x20200680   Data           4  empty.o(.bss.rightEncSpeed)
    rightPID                                 0x20200684   Data          60  empty.o(.bss.rightPID)
    start_time                               0x202006e0   Data           4  delay.o(.bss.start_time)
    steerPID                                 0x202006e4   Data          60  empty.o(.bss.steerPID)
    targetLeftSpeed                          0x20200720   Data           4  empty.o(.bss.targetLeftSpeed)
    targetRightSpeed                         0x20200724   Data           4  empty.o(.bss.targetRightSpeed)
    tick_ms                                  0x20200728   Data           4  delay.o(.bss.tick_ms)



==============================================================================

Memory Map of the image

  Image Entry point : 0x000000c1

  Load Region LR_IROM1 (Base: 0x00000000, Size: 0x00002ec8, Max: 0x00020000, ABSOLUTE)

    Execution Region ER_IROM1 (Exec base: 0x00000000, Load base: 0x00000000, Size: 0x00002ec8, Max: 0x00020000, ABSOLUTE)

    Exec Addr    Load Addr    Size         Type   Attr      Idx    E Section Name        Object

    0x00000000   0x00000000   0x000000c0   Data   RO            3    RESET               startup_mspm0g350x_uvision.o
    0x000000c0   0x000000c0   0x00000008   Code   RO          550  * !!!main             c_p.l(__main.o)
    0x000000c8   0x000000c8   0x00000054   Code   RO         1018    !!!scatter          c_p.l(__scatter.o)
    0x0000011c   0x0000011c   0x00000004   PAD
    0x00000120   0x00000120   0x00000002   Code   RO         1019    !!handler_null      c_p.l(__scatter.o)
    0x00000122   0x00000122   0x00000006   PAD
    0x00000128   0x00000128   0x0000001c   Code   RO         1022    !!handler_zi        c_p.l(__scatter_zi.o)
    0x00000144   0x00000144   0x00000002   Code   RO          865    .ARM.Collect$$libinit$$00000000  c_p.l(libinit.o)
    0x00000146   0x00000146   0x00000000   Code   RO          889    .ARM.Collect$$libinit$$00000002  c_p.l(libinit2.o)
    0x00000146   0x00000146   0x00000000   Code   RO          891    .ARM.Collect$$libinit$$00000004  c_p.l(libinit2.o)
    0x00000146   0x00000146   0x00000000   Code   RO          893    .ARM.Collect$$libinit$$00000006  c_p.l(libinit2.o)
    0x00000146   0x00000146   0x00000000   Code   RO          896    .ARM.Collect$$libinit$$0000000C  c_p.l(libinit2.o)
    0x00000146   0x00000146   0x00000000   Code   RO          898    .ARM.Collect$$libinit$$0000000E  c_p.l(libinit2.o)
    0x00000146   0x00000146   0x00000000   Code   RO          900    .ARM.Collect$$libinit$$00000010  c_p.l(libinit2.o)
    0x00000146   0x00000146   0x00000000   Code   RO          903    .ARM.Collect$$libinit$$00000013  c_p.l(libinit2.o)
    0x00000146   0x00000146   0x00000000   Code   RO          905    .ARM.Collect$$libinit$$00000015  c_p.l(libinit2.o)
    0x00000146   0x00000146   0x00000000   Code   RO          907    .ARM.Collect$$libinit$$00000017  c_p.l(libinit2.o)
    0x00000146   0x00000146   0x00000000   Code   RO          909    .ARM.Collect$$libinit$$00000019  c_p.l(libinit2.o)
    0x00000146   0x00000146   0x00000000   Code   RO          911    .ARM.Collect$$libinit$$0000001B  c_p.l(libinit2.o)
    0x00000146   0x00000146   0x00000000   Code   RO          913    .ARM.Collect$$libinit$$0000001D  c_p.l(libinit2.o)
    0x00000146   0x00000146   0x00000000   Code   RO          915    .ARM.Collect$$libinit$$0000001F  c_p.l(libinit2.o)
    0x00000146   0x00000146   0x00000000   Code   RO          917    .ARM.Collect$$libinit$$00000021  c_p.l(libinit2.o)
    0x00000146   0x00000146   0x00000000   Code   RO          919    .ARM.Collect$$libinit$$00000023  c_p.l(libinit2.o)
    0x00000146   0x00000146   0x00000000   Code   RO          921    .ARM.Collect$$libinit$$00000025  c_p.l(libinit2.o)
    0x00000146   0x00000146   0x00000000   Code   RO          923    .ARM.Collect$$libinit$$00000027  c_p.l(libinit2.o)
    0x00000146   0x00000146   0x00000000   Code   RO          927    .ARM.Collect$$libinit$$0000002E  c_p.l(libinit2.o)
    0x00000146   0x00000146   0x00000000   Code   RO          929    .ARM.Collect$$libinit$$00000030  c_p.l(libinit2.o)
    0x00000146   0x00000146   0x00000000   Code   RO          931    .ARM.Collect$$libinit$$00000032  c_p.l(libinit2.o)
    0x00000146   0x00000146   0x00000000   Code   RO          933    .ARM.Collect$$libinit$$00000034  c_p.l(libinit2.o)
    0x00000146   0x00000146   0x00000002   Code   RO          934    .ARM.Collect$$libinit$$00000035  c_p.l(libinit2.o)
    0x00000148   0x00000148   0x00000002   Code   RO          973    .ARM.Collect$$libshutdown$$00000000  c_p.l(libshutdown.o)
    0x0000014a   0x0000014a   0x00000000   Code   RO         1001    .ARM.Collect$$libshutdown$$00000002  c_p.l(libshutdown2.o)
    0x0000014a   0x0000014a   0x00000000   Code   RO         1003    .ARM.Collect$$libshutdown$$00000004  c_p.l(libshutdown2.o)
    0x0000014a   0x0000014a   0x00000000   Code   RO         1006    .ARM.Collect$$libshutdown$$00000007  c_p.l(libshutdown2.o)
    0x0000014a   0x0000014a   0x00000000   Code   RO         1009    .ARM.Collect$$libshutdown$$0000000A  c_p.l(libshutdown2.o)
    0x0000014a   0x0000014a   0x00000000   Code   RO         1011    .ARM.Collect$$libshutdown$$0000000C  c_p.l(libshutdown2.o)
    0x0000014a   0x0000014a   0x00000000   Code   RO         1014    .ARM.Collect$$libshutdown$$0000000F  c_p.l(libshutdown2.o)
    0x0000014a   0x0000014a   0x00000002   Code   RO         1015    .ARM.Collect$$libshutdown$$00000010  c_p.l(libshutdown2.o)
    0x0000014c   0x0000014c   0x00000000   Code   RO          634    .ARM.Collect$$rtentry$$00000000  c_p.l(__rtentry.o)
    0x0000014c   0x0000014c   0x00000000   Code   RO          774    .ARM.Collect$$rtentry$$00000002  c_p.l(__rtentry2.o)
    0x0000014c   0x0000014c   0x00000006   Code   RO          786    .ARM.Collect$$rtentry$$00000004  c_p.l(__rtentry4.o)
    0x00000152   0x00000152   0x00000000   Code   RO          776    .ARM.Collect$$rtentry$$00000009  c_p.l(__rtentry2.o)
    0x00000152   0x00000152   0x00000004   Code   RO          777    .ARM.Collect$$rtentry$$0000000A  c_p.l(__rtentry2.o)
    0x00000156   0x00000156   0x00000000   Code   RO          779    .ARM.Collect$$rtentry$$0000000C  c_p.l(__rtentry2.o)
    0x00000156   0x00000156   0x00000008   Code   RO          780    .ARM.Collect$$rtentry$$0000000D  c_p.l(__rtentry2.o)
    0x0000015e   0x0000015e   0x00000002   Code   RO          875    .ARM.Collect$$rtexit$$00000000  c_p.l(rtexit.o)
    0x00000160   0x00000160   0x00000000   Code   RO          942    .ARM.Collect$$rtexit$$00000002  c_p.l(rtexit2.o)
    0x00000160   0x00000160   0x00000004   Code   RO          943    .ARM.Collect$$rtexit$$00000003  c_p.l(rtexit2.o)
    0x00000164   0x00000164   0x00000006   Code   RO          944    .ARM.Collect$$rtexit$$00000004  c_p.l(rtexit2.o)
    0x0000016a   0x0000016a   0x00000002   PAD
    0x0000016c   0x0000016c   0x0000002c   Code   RO            4    .text               startup_mspm0g350x_uvision.o
    0x00000198   0x00000198   0x00000040   Code   RO          536    .text               c_p.l(rt_memclr.o)
    0x000001d8   0x000001d8   0x000001f8   Code   RO          540    .text               c_p.l(aeabi_sdivfast.o)
    0x000003d0   0x000003d0   0x00000006   Code   RO          548    .text               c_p.l(heapauxi.o)
    0x000003d6   0x000003d6   0x00000002   PAD
    0x000003d8   0x000003d8   0x00000160   Code   RO          621    .text               fz_ps.l(fdiv.o)
    0x00000538   0x00000538   0x0000005e   Code   RO          626    .text               fz_ps.l(fflti.o)
    0x00000596   0x00000596   0x00000002   PAD
    0x00000598   0x00000598   0x00000064   Code   RO          821    .text               fz_ps.l(fcmpin.o)
    0x000005fc   0x000005fc   0x00000008   Code   RO          827    .text               c_p.l(libspace.o)
    0x00000604   0x00000604   0x0000003e   Code   RO          830    .text               c_p.l(sys_stackheap_outer.o)
    0x00000642   0x00000642   0x00000010   Code   RO          854    .text               c_p.l(exit.o)
    0x00000652   0x00000652   0x0000002e   Code   RO          866    .text               fz_ps.l(cmpret.o)
    0x00000680   0x00000680   0x00000010   Code   RO          870    .text               fz_ps.l(fnan2.o)
    0x00000690   0x00000690   0x0000005e   Code   RO          935    .text               fz_ps.l(retnan.o)
    0x000006ee   0x000006ee   0x00000002   PAD
    0x000006f0   0x000006f0   0x0000000c   Code   RO          937    .text               c_p.l(sys_exit.o)
    0x000006fc   0x000006fc   0x00000002   Code   RO          962    .text               c_p.l(use_no_semi.o)
    0x000006fe   0x000006fe   0x00000000   Code   RO          964    .text               c_p.l(indicate_semi.o)
    0x000006fe   0x000006fe   0x0000000a   Code   RO          351    .text.DL_Common_delayCycles  driverlib.a(dl_common.o)
    0x00000708   0x00000708   0x000000c4   Code   RO          501    .text.DL_SYSCTL_configSYSPLL  driverlib.a(dl_sysctl_mspm0g1x0x_g3x0x.o)
    0x000007cc   0x000007cc   0x00000028   Code   RO          509    .text.DL_SYSCTL_switchMCLKfromSYSOSCtoHSCLK  driverlib.a(dl_sysctl_mspm0g1x0x_g3x0x.o)
    0x000007f4   0x000007f4   0x0000011c   Code   RO          370    .text.DL_Timer_initCaptureMode  driverlib.a(dl_timer.o)
    0x00000910   0x00000910   0x00000108   Code   RO          440    .text.DL_Timer_initFourCCPWMMode  driverlib.a(dl_timer.o)
    0x00000a18   0x00000a18   0x000000f0   Code   RO          364    .text.DL_Timer_initTimerMode  driverlib.a(dl_timer.o)
    0x00000b08   0x00000b08   0x0000001c   Code   RO          406    .text.DL_Timer_setCaptCompUpdateMethod  driverlib.a(dl_timer.o)
    0x00000b24   0x00000b24   0x00000018   Code   RO          414    .text.DL_Timer_setCaptureCompareOutCtl  driverlib.a(dl_timer.o)
    0x00000b3c   0x00000b3c   0x00000010   Code   RO          366    .text.DL_Timer_setCaptureCompareValue  driverlib.a(dl_timer.o)
    0x00000b4c   0x00000b4c   0x0000001c   Code   RO          360    .text.DL_Timer_setClockConfig  driverlib.a(dl_timer.o)
    0x00000b68   0x00000b68   0x00000048   Code   RO          461    .text.DL_UART_init  driverlib.a(dl_uart.o)
    0x00000bb0   0x00000bb0   0x00000012   Code   RO          463    .text.DL_UART_setClockConfig  driverlib.a(dl_uart.o)
    0x00000bc2   0x00000bc2   0x00000002   PAD
    0x00000bc4   0x00000bc4   0x00000014   Code   RO          475    .text.DL_UART_transmitDataBlocking  driverlib.a(dl_uart.o)
    0x00000bd8   0x00000bd8   0x0000003c   Code   RO          106    .text.Delay_ms      delay.o
    0x00000c14   0x00000c14   0x0000003c   Code   RO          122    .text.Encoder_Init  encoder.o
    0x00000c50   0x00000c50   0x00000098   Code   RO          130    .text.GROUP1_IRQHandler  encoder.o
    0x00000ce8   0x00000ce8   0x0000003c   Code   RO          144    .text.Key_Init      key.o
    0x00000d24   0x00000d24   0x0000007c   Code   RO          175    .text.MPU6050_CalibrateGyroZ  mpu6050_mspm0.o
    0x00000da0   0x00000da0   0x000000a4   Code   RO          171    .text.MPU6050_Init  mpu6050_mspm0.o
    0x00000e44   0x00000e44   0x00000002   Code   RO          157    .text.Motor_Init    motor.o
    0x00000e46   0x00000e46   0x00000002   PAD
    0x00000e48   0x00000e48   0x000001a0   Code   RO          206    .text.OLED_I2C_SendByte  oled.o
    0x00000fe8   0x00000fe8   0x00000868   Code   RO          212    .text.OLED_Init     oled.o
    0x00001850   0x00001850   0x00000124   Code   RO          218    .text.OLED_SetCursor  oled.o
    0x00001974   0x00001974   0x000000b0   Code   RO          216    .text.OLED_Update   oled.o
    0x00001a24   0x00001a24   0x00000084   Code   RO          210    .text.OLED_WriteData  oled.o
    0x00001aa8   0x00001aa8   0x0000004a   Code   RO          331    .text.PID_Init      pid.o
    0x00001af2   0x00001af2   0x00000002   PAD
    0x00001af4   0x00001af4   0x0000002c   Code   RO           21    .text.SYSCFG_DL_CAPTURE_0_init  ti_msp_dl_config.o
    0x00001b20   0x00001b20   0x000000f8   Code   RO           15    .text.SYSCFG_DL_GPIO_init  ti_msp_dl_config.o
    0x00001c18   0x00001c18   0x00000088   Code   RO           19    .text.SYSCFG_DL_PWM_0_init  ti_msp_dl_config.o
    0x00001ca0   0x00001ca0   0x00000068   Code   RO           17    .text.SYSCFG_DL_SYSCTL_init  ti_msp_dl_config.o
    0x00001d08   0x00001d08   0x00000048   Code   RO           23    .text.SYSCFG_DL_TIMER_0_init  ti_msp_dl_config.o
    0x00001d50   0x00001d50   0x00000038   Code   RO           25    .text.SYSCFG_DL_TIMER_US_init  ti_msp_dl_config.o
    0x00001d88   0x00001d88   0x00000060   Code   RO           27    .text.SYSCFG_DL_UART_0_init  ti_msp_dl_config.o
    0x00001de8   0x00001de8   0x00000038   Code   RO           11    .text.SYSCFG_DL_init  ti_msp_dl_config.o
    0x00001e20   0x00001e20   0x00000060   Code   RO           13    .text.SYSCFG_DL_initPower  ti_msp_dl_config.o
    0x00001e80   0x00001e80   0x00000002   Code   RO          281    .text.Sensor_Init   sensor.o
    0x00001e82   0x00001e82   0x00000002   PAD
    0x00001e84   0x00001e84   0x000000a8   Code   RO          159    .text.Set_PWM       motor.o
    0x00001f2c   0x00001f2c   0x0000000c   Code   RO          104    .text.SysTick_Handler  delay.o
    0x00001f38   0x00001f38   0x00000040   Code   RO          110    .text.SysTick_Init  delay.o
    0x00001f78   0x00001f78   0x0000013c   Code   RO           56    .text.System_Init   empty.o
    0x000020b4   0x000020b4   0x00000058   Code   RO          128    .text.TIMA0_IRQHandler  encoder.o
    0x0000210c   0x0000210c   0x00000002   Code   RO          317    .text.Ultrasonic_Init  ultrasonic.o
    0x0000210e   0x0000210e   0x00000002   PAD
    0x00002110   0x00002110   0x000004c8   Code   RO          304    .text.VOFA_SendSpeedLoop  uart.o
    0x000025d8   0x000025d8   0x00000016   Code   RO           54    .text.main          empty.o
    0x000025ee   0x000025ee   0x00000002   PAD
    0x000025f0   0x000025f0   0x000001a0   Code   RO          179    .text.mpu_i2c_write_byte  mpu6050_mspm0.o
    0x00002790   0x00002790   0x0000021c   Code   RO          181    .text.mpu_read_bytes  mpu6050_mspm0.o
    0x000029ac   0x000029ac   0x00000080   Code   RO          173    .text.mpu_write_reg  mpu6050_mspm0.o
    0x00002a2c   0x00002a2c   0x000001f6   Code   RO          541    .text_divfast       c_p.l(aeabi_sdivfast.o)
    0x00002c22   0x00002c22   0x00000016   Code   RO          607    i._fls              fz_ps.l(fcmp.o)
    0x00002c38   0x00002c38   0x0000008c   Code   RO          591    x$fpl$fadd          fz_ps.l(faddsub.o)
    0x00002cc4   0x00002cc4   0x00000054   Code   RO          742    x$fpl$fleqf         fz_ps.l(flef.o)
    0x00002d18   0x00002d18   0x000000d0   Code   RO          593    x$fpl$fsub          fz_ps.l(faddsub.o)
    0x00002de8   0x00002de8   0x00000000   Code   RO          752    x$fpl$usenofp       fz_ps.l(usenofp.o)
    0x00002de8   0x00002de8   0x00000040   Data   RO          622    .constdata          fz_ps.l(fdiv.o)
    0x00002e28   0x00002e28   0x0000000c   Data   RO          452    .rodata..Lswitch.table.DL_Timer_initCompareMode  driverlib.a(dl_timer.o)
    0x00002e34   0x00002e34   0x00000010   Data   RO           39    .rodata.gCAPTURE_0CaptureConfig  ti_msp_dl_config.o
    0x00002e44   0x00002e44   0x00000003   Data   RO           38    .rodata.gCAPTURE_0ClockConfig  ti_msp_dl_config.o
    0x00002e47   0x00002e47   0x00000003   Data   RO           36    .rodata.gPWM_0ClockConfig  ti_msp_dl_config.o
    0x00002e4a   0x00002e4a   0x00000002   PAD
    0x00002e4c   0x00002e4c   0x00000008   Data   RO           37    .rodata.gPWM_0Config  ti_msp_dl_config.o
    0x00002e54   0x00002e54   0x00000028   Data   RO           35    .rodata.gSYSPLLConfig  ti_msp_dl_config.o
    0x00002e7c   0x00002e7c   0x00000003   Data   RO           40    .rodata.gTIMER_0ClockConfig  ti_msp_dl_config.o
    0x00002e7f   0x00002e7f   0x00000001   PAD
    0x00002e80   0x00002e80   0x00000014   Data   RO           41    .rodata.gTIMER_0TimerConfig  ti_msp_dl_config.o
    0x00002e94   0x00002e94   0x00000003   Data   RO           42    .rodata.gTIMER_USClockConfig  ti_msp_dl_config.o
    0x00002e97   0x00002e97   0x00000001   PAD
    0x00002e98   0x00002e98   0x00000014   Data   RO           43    .rodata.gTIMER_USTimerConfig  ti_msp_dl_config.o
    0x00002eac   0x00002eac   0x00000002   Data   RO           44    .rodata.gUART_0ClockConfig  ti_msp_dl_config.o
    0x00002eae   0x00002eae   0x0000000a   Data   RO           45    .rodata.gUART_0Config  ti_msp_dl_config.o
    0x00002eb8   0x00002eb8   0x00000010   Data   RO         1017    Region$$Table       anon$$obj.o


    Execution Region RW_IRAM2 (Exec base: 0x20200000, Load base: 0x00002ec8, Size: 0x00000830, Max: 0x00008000, ABSOLUTE)

    Exec Addr    Load Addr    Size         Type   Attr      Idx    E Section Name        Object

    0x20200000        -       0x00000060   Zero   RW          828    .bss                c_p.l(libspace.o)
    0x20200060        -       0x00000004   Zero   RW          132    .bss.Get_Encoder_countA  encoder.o
    0x20200064        -       0x00000004   Zero   RW          133    .bss.Get_Encoder_countB  encoder.o
    0x20200068        -       0x00000400   Zero   RW          270    .bss.OLED_DisplayBuf  oled.o
    0x20200468        -       0x00000004   Zero   RW           73    .bss.PWMleft        empty.o
    0x2020046c        -       0x00000004   Zero   RW           74    .bss.PWMright       empty.o
    0x20200470        -       0x0000003c   Zero   RW           72    .bss.anglePID       empty.o
    0x202004ac        -       0x00000004   Zero   RW          134    .bss.encoderA_cnt   encoder.o
    0x202004b0        -       0x00000004   Zero   RW          135    .bss.encoderB_cnt   encoder.o
    0x202004b4        -       0x000000bc   Zero   RW           33    .bss.gCAPTURE_0Backup  ti_msp_dl_config.o
    0x20200570        -       0x00000010   Zero   RW           68    .bss.gImu           empty.o
    0x20200580        -       0x00000001   Zero   RW           64    .bss.gMPU6050_OK    empty.o
    0x20200581   0x00002ec8   0x00000003   PAD
    0x20200584        -       0x000000bc   Zero   RW           34    .bss.gTIMER_0Backup  ti_msp_dl_config.o
    0x20200640        -       0x00000004   Zero   RW           77    .bss.leftEncSpeed   empty.o
    0x20200644        -       0x0000003c   Zero   RW           69    .bss.leftPID        empty.o
    0x20200680        -       0x00000004   Zero   RW           78    .bss.rightEncSpeed  empty.o
    0x20200684        -       0x0000003c   Zero   RW           70    .bss.rightPID       empty.o
    0x202006c0        -       0x00000020   Zero   RW          148    .bss.s_keys         key.o
    0x202006e0        -       0x00000004   Zero   RW          113    .bss.start_time     delay.o
    0x202006e4        -       0x0000003c   Zero   RW           71    .bss.steerPID       empty.o
    0x20200720        -       0x00000004   Zero   RW           75    .bss.targetLeftSpeed  empty.o
    0x20200724        -       0x00000004   Zero   RW           76    .bss.targetRightSpeed  empty.o
    0x20200728        -       0x00000004   Zero   RW          112    .bss.tick_ms        delay.o
    0x2020072c   0x00002ec8   0x00000004   PAD
    0x20200730        -       0x00000000   Zero   RW            2    HEAP                startup_mspm0g350x_uvision.o
    0x20200730        -       0x00000100   Zero   RW            1    STACK               startup_mspm0g350x_uvision.o



  Load Region LR_BCR (Base: 0x41c00000, Size: 0x00000000, Max: 0x00000100, ABSOLUTE)

    Execution Region BCR_CONFIG (Exec base: 0x41c00000, Load base: 0x41c00000, Size: 0x00000000, Max: 0x000000ff, ABSOLUTE)

    **** No section assigned to this execution region ****



  Load Region LR_BSL (Base: 0x41c00100, Size: 0x00000000, Max: 0x00000100, ABSOLUTE)

    Execution Region BSL_CONFIG (Exec base: 0x41c00100, Load base: 0x41c00100, Size: 0x00000000, Max: 0x00000080, ABSOLUTE)

    **** No section assigned to this execution region ****


==============================================================================

Image component sizes


      Code (inc. data)   RO Data    RW Data    ZI Data      Debug   Object Name

       136         24          0          0          8       3314   delay.o
       338         88          0          0        281       4854   empty.o
       300         60          0          0         16       7765   encoder.o
        60         12          0          0         32       6786   key.o
       170         16          0          0          0       6777   motor.o
      1372         32          0          0          0      15898   mpu6050_mspm0.o
      3168         40          0          0       1024      73036   oled.o
        74          0          0          0          0       2414   pid.o
         2          0          0          0          0       5349   sensor.o
        44         18        192          0        256        676   startup_mspm0g350x_uvision.o
       908        200        128          0        376      28362   ti_msp_dl_config.o
      1224         40          0          0          0       8917   uart.o
         2          0          0          0          0       7317   ultrasonic.o

    ----------------------------------------------------------------------
      7808        530        340          0       2000     171465   Object Totals
         0          0         16          0          0          0   (incl. Generated)
        10          0          4          0          7          0   (incl. Padding)

    ----------------------------------------------------------------------

      Code (inc. data)   RO Data    RW Data    ZI Data      Debug   Library Member Name

         8          0          0          0          0         68   __main.o
         0          0          0          0          0          0   __rtentry.o
        12          0          0          0          0          0   __rtentry2.o
         6          0          0          0          0          0   __rtentry4.o
        86         10          0          0          0          0   __scatter.o
        28          0          0          0          0          0   __scatter_zi.o
      1006          4          0          0          0        184   aeabi_sdivfast.o
        16          0          0          0          0         68   exit.o
         6          0          0          0          0        136   heapauxi.o
         0          0          0          0          0          0   indicate_semi.o
         2          0          0          0          0          0   libinit.o
         2          0          0          0          0          0   libinit2.o
         2          0          0          0          0          0   libshutdown.o
         2          0          0          0          0          0   libshutdown2.o
         8          4          0          0         96         68   libspace.o
        64          0          0          0          0        108   rt_memclr.o
         2          0          0          0          0          0   rtexit.o
        10          0          0          0          0          0   rtexit2.o
        12          4          0          0          0         60   sys_exit.o
        62          0          0          0          0         80   sys_stackheap_outer.o
         2          0          0          0          0         68   use_no_semi.o
        10          0          0          0          0        803   dl_common.o
       236         24          0          0          0      12876   dl_sysctl_mspm0g1x0x_g3x0x.o
       884        208         12          0          0      41556   dl_timer.o
       110         12          0          0          0      14163   dl_uart.o
        46          0          0          0          0         60   cmpret.o
       348          8          0          0          0        160   faddsub.o
        22          0          0          0          0         68   fcmp.o
       100          4          0          0          0         68   fcmpin.o
       352         10         64          0          0         92   fdiv.o
        94          0          0          0          0         92   fflti.o
        84          4          0          0          0         76   flef.o
        16          6          0          0          0         68   fnan2.o
        94          0          0          0          0         68   retnan.o
         0          0          0          0          0          0   usenofp.o

    ----------------------------------------------------------------------
      3752        302         76          0         96      70990   Library Totals
        20          4          0          0          0          0   (incl. Padding)

    ----------------------------------------------------------------------

      Code (inc. data)   RO Data    RW Data    ZI Data      Debug   Library Name

      1336         22          0          0         96        840   c_p.l
      1240        244         12          0          0      69398   driverlib.a
      1156         32         64          0          0        752   fz_ps.l

    ----------------------------------------------------------------------
      3752        302         76          0         96      70990   Library Totals

    ----------------------------------------------------------------------

==============================================================================


      Code (inc. data)   RO Data    RW Data    ZI Data      Debug   

     11560        832        416          0       2096     241451   Grand Totals
     11560        832        416          0       2096     241451   ELF Image Totals
     11560        832        416          0          0          0   ROM Totals

==============================================================================

    Total RO  Size (Code + RO Data)                11976 (  11.70kB)
    Total RW  Size (RW Data + ZI Data)              2096 (   2.05kB)
    Total ROM Size (Code + RO Data + RW Data)      11976 (  11.70kB)

==============================================================================

